[2020-12-16T14:20:31.060+0000][1][gc] Using G1
[2020-12-16T14:20:31.069+0000][1][gc,init] Version: 15.0.1+9 (release)
[2020-12-16T14:20:31.072+0000][1][gc,init] CPUs: 2 total, 2 available
[2020-12-16T14:20:31.079+0000][1][gc,init] Memory: 1961M
[2020-12-16T14:20:31.083+0000][1][gc,init] Large Page Support: Disabled
[2020-12-16T14:20:31.084+0000][1][gc,init] NUMA Support: Disabled
[2020-12-16T14:20:31.086+0000][1][gc,init] Compressed Oops: Enabled (32-bit)
[2020-12-16T14:20:31.087+0000][1][gc,init] Heap Region Size: 1M
[2020-12-16T14:20:31.088+0000][1][gc,init] Heap Min Capacity: 512M
[2020-12-16T14:20:31.089+0000][1][gc,init] Heap Initial Capacity: 512M
[2020-12-16T14:20:31.092+0000][1][gc,init] Heap Max Capacity: 512M
[2020-12-16T14:20:31.093+0000][1][gc,init] Pre-touch: Disabled
[2020-12-16T14:20:31.095+0000][1][gc,init] Parallel Workers: 2
[2020-12-16T14:20:31.098+0000][1][gc,init] Concurrent Workers: 1
[2020-12-16T14:20:31.100+0000][1][gc,init] Concurrent Refinement Workers: 2
[2020-12-16T14:20:31.103+0000][1][gc,init] Periodic GC: Disabled
[2020-12-16T14:20:31.106+0000][1][gc,cds ] Mark closed archive regions in map: [0x00000000fff00000, 0x00000000fff7bff8]
[2020-12-16T14:20:31.107+0000][1][gc,cds ] Mark open archive regions in map: [0x00000000ffe00000, 0x00000000ffe51ff8]
[2020-12-16T14:20:31.109+0000][1][gc,metaspace] CDS archive(s) mapped at: [0x0000000800000000-0x0000000800b2a000-0x0000000800b2a000), size 11706368, SharedBaseAddress: 0x0000000800000000, ArchiveRelocationMode: 0.
[2020-12-16T14:20:31.110+0000][1][gc,metaspace] Compressed class space mapped at: 0x0000000800b2c000-0x0000000840b2c000, size: 1073741824
[2020-12-16T14:20:31.112+0000][1][gc,metaspace] Narrow klass base: 0x0000000800000000, Narrow klass shift: 3, Narrow klass range: 0x100000000
[2020-12-16T14:20:32.719+0000][1][safepoint   ] Safepoint "Cleanup", Time since last: 1521868400 ns, Reaching safepoint: 303400 ns, At safepoint: 10300 ns, Total: 313700 ns
[2020-12-16T14:20:33.716+0000][1][gc,start    ] GC(0) Pause Young (Normal) (G1 Evacuation Pause)
[2020-12-16T14:20:33.719+0000][1][gc,task     ] GC(0) Using 2 workers of 2 for evacuation
[2020-12-16T14:20:33.720+0000][1][gc,age      ] GC(0) Desired survivor size 2097152 bytes, new threshold 15 (max threshold 15)
[2020-12-16T14:20:33.741+0000][1][gc,age      ] GC(0) Age table with threshold 15 (max threshold 15)
[2020-12-16T14:20:33.742+0000][1][gc,age      ] GC(0) - age   1:    3539712 bytes,    3539712 total
[2020-12-16T14:20:33.743+0000][1][gc,phases   ] GC(0)   Pre Evacuate Collection Set: 0.2ms
[2020-12-16T14:20:33.744+0000][1][gc,phases   ] GC(0)   Merge Heap Roots: 0.1ms
[2020-12-16T14:20:33.745+0000][1][gc,phases   ] GC(0)   Evacuate Collection Set: 17.3ms
[2020-12-16T14:20:33.747+0000][1][gc,phases   ] GC(0)   Post Evacuate Collection Set: 2.0ms
[2020-12-16T14:20:33.749+0000][1][gc,phases   ] GC(0)   Other: 6.9ms
[2020-12-16T14:20:33.749+0000][1][gc,heap     ] GC(0) Eden regions: 25->0(21)
[2020-12-16T14:20:33.751+0000][1][gc,heap     ] GC(0) Survivor regions: 0->4(4)
[2020-12-16T14:20:33.752+0000][1][gc,heap     ] GC(0) Old regions: 0->3
[2020-12-16T14:20:33.753+0000][1][gc,heap     ] GC(0) Archive regions: 2->2
[2020-12-16T14:20:33.754+0000][1][gc,heap     ] GC(0) Humongous regions: 1->1
[2020-12-16T14:20:33.755+0000][1][gc,metaspace] GC(0) Metaspace: 7764K(8576K)->7764K(8576K) NonClass: 6935K(7680K)->6935K(7680K) Class: 828K(896K)->828K(896K)
[2020-12-16T14:20:33.756+0000][1][gc          ] GC(0) Pause Young (Normal) (G1 Evacuation Pause) 26M->8M(512M) 39.972ms
[2020-12-16T14:20:33.757+0000][1][gc,cpu      ] GC(0) User=0.02s Sys=0.01s Real=0.04s
[2020-12-16T14:20:33.761+0000][1][safepoint   ] Safepoint "G1CollectForAllocation", Time since last: 997042200 ns, Reaching safepoint: 565900 ns, At safepoint: 44297700 ns, Total: 44863600 ns
[2020-12-16T14:20:35.051+0000][1][safepoint   ] Safepoint "Cleanup", Time since last: 1290323700 ns, Reaching safepoint: 433100 ns, At safepoint: 13800 ns, Total: 446900 ns
[2020-12-16T14:20:35.416+0000][1][gc,start    ] GC(1) Pause Young (Normal) (G1 Evacuation Pause)
[2020-12-16T14:20:35.417+0000][1][gc,task     ] GC(1) Using 2 workers of 2 for evacuation
[2020-12-16T14:20:35.419+0000][1][gc,age      ] GC(1) Desired survivor size 2097152 bytes, new threshold 1 (max threshold 15)
[2020-12-16T14:20:35.442+0000][1][gc,age      ] GC(1) Age table with threshold 1 (max threshold 15)
[2020-12-16T14:20:35.443+0000][1][gc,age      ] GC(1) - age   1:    2666632 bytes,    2666632 total
[2020-12-16T14:20:35.444+0000][1][gc,phases   ] GC(1)   Pre Evacuate Collection Set: 0.3ms
[2020-12-16T14:20:35.447+0000][1][gc,phases   ] GC(1)   Merge Heap Roots: 0.4ms
[2020-12-16T14:20:35.448+0000][1][gc,phases   ] GC(1)   Evacuate Collection Set: 20.4ms
[2020-12-16T14:20:35.449+0000][1][gc,phases   ] GC(1)   Post Evacuate Collection Set: 0.8ms
[2020-12-16T14:20:35.450+0000][1][gc,phases   ] GC(1)   Other: 5.8ms
[2020-12-16T14:20:35.451+0000][1][gc,heap     ] GC(1) Eden regions: 21->0(22)
[2020-12-16T14:20:35.452+0000][1][gc,heap     ] GC(1) Survivor regions: 4->3(4)
[2020-12-16T14:20:35.453+0000][1][gc,heap     ] GC(1) Old regions: 3->7
[2020-12-16T14:20:35.454+0000][1][gc,heap     ] GC(1) Archive regions: 2->2
[2020-12-16T14:20:35.455+0000][1][gc,heap     ] GC(1) Humongous regions: 1->1
[2020-12-16T14:20:35.456+0000][1][gc,metaspace] GC(1) Metaspace: 12500K(12928K)->12500K(12928K) NonClass: 11041K(11264K)->11041K(11264K) Class: 1459K(1664K)->1459K(1664K)
[2020-12-16T14:20:35.457+0000][1][gc          ] GC(1) Pause Young (Normal) (G1 Evacuation Pause) 29M->10M(512M) 41.269ms
[2020-12-16T14:20:35.458+0000][1][gc,cpu      ] GC(1) User=0.06s Sys=0.00s Real=0.04s
[2020-12-16T14:20:35.460+0000][1][safepoint   ] Safepoint "G1CollectForAllocation", Time since last: 364406300 ns, Reaching safepoint: 262000 ns, At safepoint: 43723300 ns, Total: 43985300 ns
[2020-12-16T14:20:35.963+0000][1][gc,start    ] GC(2) Pause Young (Normal) (G1 Evacuation Pause)
[2020-12-16T14:20:35.964+0000][1][gc,task     ] GC(2) Using 2 workers of 2 for evacuation
[2020-12-16T14:20:35.966+0000][1][gc,age      ] GC(2) Desired survivor size 2097152 bytes, new threshold 1 (max threshold 15)
[2020-12-16T14:20:35.977+0000][1][gc,age      ] GC(2) Age table with threshold 1 (max threshold 15)
[2020-12-16T14:20:35.980+0000][1][gc,age      ] GC(2) - age   1:     194440 bytes,     194440 total
[2020-12-16T14:20:35.981+0000][1][gc,phases   ] GC(2)   Pre Evacuate Collection Set: 0.3ms
[2020-12-16T14:20:35.985+0000][1][gc,phases   ] GC(2)   Merge Heap Roots: 0.3ms
[2020-12-16T14:20:35.987+0000][1][gc,phases   ] GC(2)   Evacuate Collection Set: 7.1ms
[2020-12-16T14:20:35.989+0000][1][gc,phases   ] GC(2)   Post Evacuate Collection Set: 1.9ms
[2020-12-16T14:20:35.990+0000][1][gc,phases   ] GC(2)   Other: 8.7ms
[2020-12-16T14:20:35.991+0000][1][gc,heap     ] GC(2) Eden regions: 22->0(39)
[2020-12-16T14:20:35.992+0000][1][gc,heap     ] GC(2) Survivor regions: 3->1(4)
[2020-12-16T14:20:35.998+0000][1][gc,heap     ] GC(2) Old regions: 7->8
[2020-12-16T14:20:35.999+0000][1][gc,heap     ] GC(2) Archive regions: 2->2
[2020-12-16T14:20:36.001+0000][1][gc,heap     ] GC(2) Humongous regions: 1->1
[2020-12-16T14:20:36.002+0000][1][gc,metaspace] GC(2) Metaspace: 13748K(14336K)->13748K(14336K) NonClass: 12148K(12544K)->12148K(12544K) Class: 1599K(1792K)->1599K(1792K)
[2020-12-16T14:20:36.003+0000][1][gc          ] GC(2) Pause Young (Normal) (G1 Evacuation Pause) 32M->10M(512M) 39.608ms
[2020-12-16T14:20:36.004+0000][1][gc,cpu      ] GC(2) User=0.02s Sys=0.00s Real=0.05s
[2020-12-16T14:20:36.006+0000][1][safepoint   ] Safepoint "G1CollectForAllocation", Time since last: 503102500 ns, Reaching safepoint: 173700 ns, At safepoint: 42667200 ns, Total: 42840900 ns
[2020-12-16T14:20:36.521+0000][1][gc,start    ] GC(3) Pause Young (Normal) (G1 Evacuation Pause)
[2020-12-16T14:20:36.522+0000][1][gc,task     ] GC(3) Using 2 workers of 2 for evacuation
[2020-12-16T14:20:36.524+0000][1][gc,age      ] GC(3) Desired survivor size 2621440 bytes, new threshold 15 (max threshold 15)
[2020-12-16T14:20:36.571+0000][1][gc,age      ] GC(3) Age table with threshold 15 (max threshold 15)
[2020-12-16T14:20:36.573+0000][1][gc,age      ] GC(3) - age   1:    3411088 bytes,    3411088 total
[2020-12-16T14:20:36.574+0000][1][gc,age      ] GC(3) - age   2:     185488 bytes,    3596576 total
[2020-12-16T14:20:36.575+0000][1][gc,phases   ] GC(3)   Pre Evacuate Collection Set: 0.3ms
[2020-12-16T14:20:36.576+0000][1][gc,phases   ] GC(3)   Merge Heap Roots: 0.3ms
[2020-12-16T14:20:36.577+0000][1][gc,phases   ] GC(3)   Evacuate Collection Set: 31.9ms
[2020-12-16T14:20:36.581+0000][1][gc,phases   ] GC(3)   Post Evacuate Collection Set: 12.7ms
[2020-12-16T14:20:36.582+0000][1][gc,phases   ] GC(3)   Other: 8.5ms
[2020-12-16T14:20:36.584+0000][1][gc,heap     ] GC(3) Eden regions: 39->0(67)
[2020-12-16T14:20:36.585+0000][1][gc,heap     ] GC(3) Survivor regions: 1->4(5)
[2020-12-16T14:20:36.586+0000][1][gc,heap     ] GC(3) Old regions: 8->8
[2020-12-16T14:20:36.587+0000][1][gc,heap     ] GC(3) Archive regions: 2->2
[2020-12-16T14:20:36.588+0000][1][gc,heap     ] GC(3) Humongous regions: 1->1
[2020-12-16T14:20:36.589+0000][1][gc,metaspace] GC(3) Metaspace: 14270K(14848K)->14270K(14848K) NonClass: 12622K(13056K)->12622K(13056K) Class: 1648K(1792K)->1648K(1792K)
[2020-12-16T14:20:36.590+0000][1][gc          ] GC(3) Pause Young (Normal) (G1 Evacuation Pause) 49M->13M(512M) 68.250ms
[2020-12-16T14:20:36.591+0000][1][gc,cpu      ] GC(3) User=0.06s Sys=0.01s Real=0.07s
[2020-12-16T14:20:36.592+0000][1][safepoint   ] Safepoint "G1CollectForAllocation", Time since last: 512855100 ns, Reaching safepoint: 2636300 ns, At safepoint: 70772100 ns, Total: 73408400 ns
[2020-12-16T14:20:37.025+0000][1][gc,start    ] GC(4) Pause Young (Normal) (G1 Evacuation Pause)
[2020-12-16T14:20:37.026+0000][1][gc,task     ] GC(4) Using 2 workers of 2 for evacuation
[2020-12-16T14:20:37.027+0000][1][gc,age      ] GC(4) Desired survivor size 4718592 bytes, new threshold 15 (max threshold 15)
[2020-12-16T14:20:37.043+0000][1][gc,age      ] GC(4) Age table with threshold 15 (max threshold 15)
[2020-12-16T14:20:37.046+0000][1][gc,age      ] GC(4) - age   1:    2591104 bytes,    2591104 total
[2020-12-16T14:20:37.047+0000][1][gc,age      ] GC(4) - age   2:      66800 bytes,    2657904 total
[2020-12-16T14:20:37.047+0000][1][gc,age      ] GC(4) - age   3:     185488 bytes,    2843392 total
[2020-12-16T14:20:37.048+0000][1][gc,phases   ] GC(4)   Pre Evacuate Collection Set: 0.1ms
[2020-12-16T14:20:37.049+0000][1][gc,phases   ] GC(4)   Merge Heap Roots: 0.1ms
[2020-12-16T14:20:37.050+0000][1][gc,phases   ] GC(4)   Evacuate Collection Set: 13.8ms
[2020-12-16T14:20:37.051+0000][1][gc,phases   ] GC(4)   Post Evacuate Collection Set: 0.8ms
[2020-12-16T14:20:37.052+0000][1][gc,phases   ] GC(4)   Other: 9.0ms
[2020-12-16T14:20:37.053+0000][1][gc,heap     ] GC(4) Eden regions: 67->0(304)
[2020-12-16T14:20:37.054+0000][1][gc,heap     ] GC(4) Survivor regions: 4->3(9)
[2020-12-16T14:20:37.055+0000][1][gc,heap     ] GC(4) Old regions: 8->8
[2020-12-16T14:20:37.056+0000][1][gc,heap     ] GC(4) Archive regions: 2->2
[2020-12-16T14:20:37.057+0000][1][gc,heap     ] GC(4) Humongous regions: 1->1
[2020-12-16T14:20:37.058+0000][1][gc,metaspace] GC(4) Metaspace: 14454K(14848K)->14454K(14848K) NonClass: 12799K(13056K)->12799K(13056K) Class: 1655K(1792K)->1655K(1792K)
[2020-12-16T14:20:37.059+0000][1][gc          ] GC(4) Pause Young (Normal) (G1 Evacuation Pause) 80M->12M(512M) 34.163ms
[2020-12-16T14:20:37.060+0000][1][gc,cpu      ] GC(4) User=0.05s Sys=0.00s Real=0.03s
[2020-12-16T14:20:37.062+0000][1][safepoint   ] Safepoint "G1CollectForAllocation", Time since last: 432194800 ns, Reaching safepoint: 303800 ns, At safepoint: 37975000 ns, Total: 38278800 ns
[2020-12-16T14:20:38.338+0000][1][gc,start    ] GC(5) Pause Young (Concurrent Start) (Metadata GC Threshold)
[2020-12-16T14:20:38.339+0000][1][gc,task     ] GC(5) Using 2 workers of 2 for evacuation
[2020-12-16T14:20:38.340+0000][1][gc,age      ] GC(5) Desired survivor size 20447232 bytes, new threshold 15 (max threshold 15)
[2020-12-16T14:20:38.356+0000][1][gc,age      ] GC(5) Age table with threshold 15 (max threshold 15)
[2020-12-16T14:20:38.357+0000][1][gc,age      ] GC(5) - age   1:    1798640 bytes,    1798640 total
[2020-12-16T14:20:38.358+0000][1][gc,age      ] GC(5) - age   2:      27256 bytes,    1825896 total
[2020-12-16T14:20:38.359+0000][1][gc,age      ] GC(5) - age   3:      65304 bytes,    1891200 total
[2020-12-16T14:20:38.362+0000][1][gc,age      ] GC(5) - age   4:     184552 bytes,    2075752 total
[2020-12-16T14:20:38.363+0000][1][gc,phases   ] GC(5)   Pre Evacuate Collection Set: 0.3ms
[2020-12-16T14:20:38.365+0000][1][gc,phases   ] GC(5)   Merge Heap Roots: 0.1ms
[2020-12-16T14:20:38.366+0000][1][gc,phases   ] GC(5)   Evacuate Collection Set: 14.0ms
[2020-12-16T14:20:38.366+0000][1][gc,phases   ] GC(5)   Post Evacuate Collection Set: 0.8ms
[2020-12-16T14:20:38.367+0000][1][gc,phases   ] GC(5)   Other: 10.6ms
[2020-12-16T14:20:38.368+0000][1][gc,heap     ] GC(5) Eden regions: 58->0(304)
[2020-12-16T14:20:38.369+0000][1][gc,heap     ] GC(5) Survivor regions: 3->3(39)
[2020-12-16T14:20:38.370+0000][1][gc,heap     ] GC(5) Old regions: 8->8
[2020-12-16T14:20:38.371+0000][1][gc,heap     ] GC(5) Archive regions: 2->2
[2020-12-16T14:20:38.372+0000][1][gc,heap     ] GC(5) Humongous regions: 1->1
[2020-12-16T14:20:38.373+0000][1][gc,metaspace] GC(5) Metaspace: 20767K(21248K)->20767K(21248K) NonClass: 18201K(18432K)->18201K(18432K) Class: 2565K(2816K)->2565K(2816K)
[2020-12-16T14:20:38.375+0000][1][gc          ] GC(5) Pause Young (Concurrent Start) (Metadata GC Threshold) 70M->11M(512M) 37.013ms
[2020-12-16T14:20:38.376+0000][1][gc,cpu      ] GC(5) User=0.05s Sys=0.00s Real=0.04s
[2020-12-16T14:20:38.376+0000][1][gc          ] GC(6) Concurrent Cycle
[2020-12-16T14:20:38.377+0000][1][gc,marking  ] GC(6) Concurrent Clear Claimed Marks
[2020-12-16T14:20:38.379+0000][1][gc,marking  ] GC(6) Concurrent Clear Claimed Marks 1.826ms
[2020-12-16T14:20:38.380+0000][1][gc,marking  ] GC(6) Concurrent Scan Root Regions
[2020-12-16T14:20:38.377+0000][1][safepoint   ] Safepoint "CollectForMetadataAllocation", Time since last: 1274490700 ns, Reaching safepoint: 491100 ns, At safepoint: 39072500 ns, Total: 39563600 ns
[2020-12-16T14:20:38.385+0000][1][gc,marking  ] GC(6) Concurrent Scan Root Regions 4.904ms
[2020-12-16T14:20:38.387+0000][1][gc,marking  ] GC(6) Concurrent Mark (7.365s)
[2020-12-16T14:20:38.388+0000][1][gc,marking  ] GC(6) Concurrent Mark From Roots
[2020-12-16T14:20:38.389+0000][1][gc,task     ] GC(6) Using 1 workers of 1 for marking
[2020-12-16T14:20:38.411+0000][1][gc,marking  ] GC(6) Concurrent Mark From Roots 22.965ms
[2020-12-16T14:20:38.412+0000][1][gc,marking  ] GC(6) Concurrent Preclean
[2020-12-16T14:20:38.416+0000][1][gc,marking  ] GC(6) Concurrent Preclean 4.110ms
[2020-12-16T14:20:38.418+0000][1][gc,marking  ] GC(6) Concurrent Mark (7.365s, 7.396s) 30.730ms
[2020-12-16T14:20:38.419+0000][1][gc,start    ] GC(6) Pause Remark
[2020-12-16T14:20:38.424+0000][1][gc          ] GC(6) Pause Remark 12M->12M(512M) 5.077ms
[2020-12-16T14:20:38.425+0000][1][gc,cpu      ] GC(6) User=0.01s Sys=0.00s Real=0.01s
[2020-12-16T14:20:38.426+0000][1][safepoint   ] Safepoint "G1Concurrent", Time since last: 41965300 ns, Reaching safepoint: 344300 ns, At safepoint: 7373000 ns, Total: 7717300 ns
[2020-12-16T14:20:38.430+0000][1][gc,marking  ] GC(6) Concurrent Rebuild Remembered Sets
[2020-12-16T14:20:38.451+0000][1][gc,marking  ] GC(6) Concurrent Rebuild Remembered Sets 21.379ms
[2020-12-16T14:20:38.454+0000][1][gc,start    ] GC(6) Pause Cleanup
[2020-12-16T14:20:38.455+0000][1][gc          ] GC(6) Pause Cleanup 13M->13M(512M) 1.602ms
[2020-12-16T14:20:38.456+0000][1][gc,cpu      ] GC(6) User=0.01s Sys=0.00s Real=0.00s
[2020-12-16T14:20:38.458+0000][1][safepoint   ] Safepoint "G1Concurrent", Time since last: 25809300 ns, Reaching safepoint: 1449400 ns, At safepoint: 4211800 ns, Total: 5661200 ns
[2020-12-16T14:20:38.459+0000][1][gc,marking  ] GC(6) Concurrent Cleanup for Next Mark
[2020-12-16T14:20:38.483+0000][1][gc,marking  ] GC(6) Concurrent Cleanup for Next Mark 24.063ms
[2020-12-16T14:20:38.485+0000][1][gc          ] GC(6) Concurrent Cycle 108.320ms
[2020-12-16T14:20:39.410+0000][1][safepoint   ] Safepoint "ICBufferFull", Time since last: 951499200 ns, Reaching safepoint: 433600 ns, At safepoint: 67300 ns, Total: 500900 ns
[2020-12-16T14:20:39.424+0000][1][safepoint   ] Safepoint "ICBufferFull", Time since last: 13090500 ns, Reaching safepoint: 410800 ns, At safepoint: 65800 ns, Total: 476600 ns
[2020-12-16T14:20:39.435+0000][1][safepoint   ] Safepoint "ICBufferFull", Time since last: 11424700 ns, Reaching safepoint: 299900 ns, At safepoint: 8400 ns, Total: 308300 ns
[2020-12-16T14:20:39.446+0000][1][safepoint   ] Safepoint "ICBufferFull", Time since last: 10551400 ns, Reaching safepoint: 797200 ns, At safepoint: 22900 ns, Total: 820100 ns
[2020-12-16T14:20:39.462+0000][1][safepoint   ] Safepoint "ICBufferFull", Time since last: 15819700 ns, Reaching safepoint: 186400 ns, At safepoint: 7100 ns, Total: 193500 ns
[2020-12-16T14:20:39.472+0000][1][safepoint   ] Safepoint "ICBufferFull", Time since last: 9124200 ns, Reaching safepoint: 131100 ns, At safepoint: 7500 ns, Total: 138600 ns
[2020-12-16T14:20:39.484+0000][1][safepoint   ] Safepoint "ICBufferFull", Time since last: 12516000 ns, Reaching safepoint: 199600 ns, At safepoint: 5600 ns, Total: 205200 ns
[2020-12-16T14:20:39.492+0000][1][safepoint   ] Safepoint "ICBufferFull", Time since last: 7856400 ns, Reaching safepoint: 199800 ns, At safepoint: 21100 ns, Total: 220900 ns
[2020-12-16T14:20:39.505+0000][1][safepoint   ] Safepoint "ICBufferFull", Time since last: 12304600 ns, Reaching safepoint: 256800 ns, At safepoint: 16500 ns, Total: 273300 ns
[2020-12-16T14:20:39.517+0000][1][safepoint   ] Safepoint "ICBufferFull", Time since last: 11438500 ns, Reaching safepoint: 133000 ns, At safepoint: 25400 ns, Total: 158400 ns
[2020-12-16T14:20:39.529+0000][1][safepoint   ] Safepoint "ICBufferFull", Time since last: 12379800 ns, Reaching safepoint: 346000 ns, At safepoint: 24700 ns, Total: 370700 ns
[2020-12-16T14:20:39.545+0000][1][safepoint   ] Safepoint "ICBufferFull", Time since last: 13770100 ns, Reaching safepoint: 1933300 ns, At safepoint: 77100 ns, Total: 2010400 ns
[2020-12-16T14:20:39.555+0000][1][safepoint   ] Safepoint "ICBufferFull", Time since last: 10019000 ns, Reaching safepoint: 297000 ns, At safepoint: 8700 ns, Total: 305700 ns
[2020-12-16T14:20:39.572+0000][1][safepoint   ] Safepoint "ICBufferFull", Time since last: 16480500 ns, Reaching safepoint: 402500 ns, At safepoint: 17700 ns, Total: 420200 ns
[2020-12-16T14:20:39.584+0000][1][safepoint   ] Safepoint "ICBufferFull", Time since last: 10709000 ns, Reaching safepoint: 732500 ns, At safepoint: 18100 ns, Total: 750600 ns
[2020-12-16T14:20:39.595+0000][1][safepoint   ] Safepoint "ICBufferFull", Time since last: 10654400 ns, Reaching safepoint: 994000 ns, At safepoint: 8700 ns, Total: 1002700 ns
[2020-12-16T14:20:39.608+0000][1][safepoint   ] Safepoint "ICBufferFull", Time since last: 12225800 ns, Reaching safepoint: 189700 ns, At safepoint: 4800 ns, Total: 194500 ns
[2020-12-16T14:20:39.622+0000][1][safepoint   ] Safepoint "ICBufferFull", Time since last: 14041400 ns, Reaching safepoint: 281600 ns, At safepoint: 7700 ns, Total: 289300 ns
[2020-12-16T14:20:39.647+0000][1][safepoint   ] Safepoint "ICBufferFull", Time since last: 24999500 ns, Reaching safepoint: 176100 ns, At safepoint: 5400 ns, Total: 181500 ns
[2020-12-16T14:20:39.675+0000][1][safepoint   ] Safepoint "ICBufferFull", Time since last: 27551800 ns, Reaching safepoint: 421900 ns, At safepoint: 7900 ns, Total: 429800 ns
[2020-12-16T14:20:39.681+0000][1][safepoint   ] Safepoint "ICBufferFull", Time since last: 5349600 ns, Reaching safepoint: 163500 ns, At safepoint: 6900 ns, Total: 170400 ns
[2020-12-16T14:20:39.684+0000][1][safepoint   ] Safepoint "ICBufferFull", Time since last: 3272200 ns, Reaching safepoint: 226400 ns, At safepoint: 7300 ns, Total: 233700 ns
[2020-12-16T14:20:39.688+0000][1][safepoint   ] Safepoint "ICBufferFull", Time since last: 3220300 ns, Reaching safepoint: 122300 ns, At safepoint: 6500 ns, Total: 128800 ns
[2020-12-16T14:20:39.693+0000][1][safepoint   ] Safepoint "ICBufferFull", Time since last: 4663400 ns, Reaching safepoint: 323300 ns, At safepoint: 25500 ns, Total: 348800 ns
[2020-12-16T14:20:39.701+0000][1][safepoint   ] Safepoint "ICBufferFull", Time since last: 7904800 ns, Reaching safepoint: 294900 ns, At safepoint: 7700 ns, Total: 302600 ns
[2020-12-16T14:20:39.704+0000][1][safepoint   ] Safepoint "ICBufferFull", Time since last: 2813200 ns, Reaching safepoint: 287300 ns, At safepoint: 23300 ns, Total: 310600 ns
[2020-12-16T14:20:39.707+0000][1][safepoint   ] Safepoint "ICBufferFull", Time since last: 2916700 ns, Reaching safepoint: 285500 ns, At safepoint: 8500 ns, Total: 294000 ns
[2020-12-16T14:20:39.716+0000][1][safepoint   ] Safepoint "ICBufferFull", Time since last: 8078900 ns, Reaching safepoint: 304100 ns, At safepoint: 7000 ns, Total: 311100 ns
[2020-12-16T14:20:39.719+0000][1][safepoint   ] Safepoint "ICBufferFull", Time since last: 3007900 ns, Reaching safepoint: 444400 ns, At safepoint: 26400 ns, Total: 470800 ns
[2020-12-16T14:20:39.723+0000][1][safepoint   ] Safepoint "ICBufferFull", Time since last: 3576200 ns, Reaching safepoint: 106700 ns, At safepoint: 5700 ns, Total: 112400 ns
[2020-12-16T14:20:39.726+0000][1][safepoint   ] Safepoint "ICBufferFull", Time since last: 2938500 ns, Reaching safepoint: 299000 ns, At safepoint: 26900 ns, Total: 325900 ns
[2020-12-16T14:20:39.731+0000][1][safepoint   ] Safepoint "ICBufferFull", Time since last: 4311100 ns, Reaching safepoint: 232000 ns, At safepoint: 10300 ns, Total: 242300 ns
[2020-12-16T14:20:39.733+0000][1][safepoint   ] Safepoint "ICBufferFull", Time since last: 2568900 ns, Reaching safepoint: 133900 ns, At safepoint: 6000 ns, Total: 139900 ns
[2020-12-16T14:20:39.737+0000][1][safepoint   ] Safepoint "ICBufferFull", Time since last: 3114500 ns, Reaching safepoint: 217800 ns, At safepoint: 58900 ns, Total: 276700 ns
[2020-12-16T14:20:41.392+0000][1][safepoint   ] Safepoint "Cleanup", Time since last: 1654914400 ns, Reaching safepoint: 178700 ns, At safepoint: 8000 ns, Total: 186700 ns
[2020-12-16T14:20:42.398+0000][1][safepoint   ] Safepoint "Cleanup", Time since last: 1005462100 ns, Reaching safepoint: 319500 ns, At safepoint: 8200 ns, Total: 327700 ns
[2020-12-16T14:20:43.019+0000][1][gc,start    ] GC(7) Pause Young (Concurrent Start) (Metadata GC Threshold)
[2020-12-16T14:20:43.021+0000][1][gc,task     ] GC(7) Using 2 workers of 2 for evacuation
[2020-12-16T14:20:43.022+0000][1][gc,age      ] GC(7) Desired survivor size 20447232 bytes, new threshold 15 (max threshold 15)
[2020-12-16T14:20:43.043+0000][1][gc,age      ] GC(7) Age table with threshold 15 (max threshold 15)
[2020-12-16T14:20:43.046+0000][1][gc,age      ] GC(7) - age   1:    5503272 bytes,    5503272 total
[2020-12-16T14:20:43.047+0000][1][gc,age      ] GC(7) - age   2:    1650056 bytes,    7153328 total
[2020-12-16T14:20:43.048+0000][1][gc,age      ] GC(7) - age   3:      27128 bytes,    7180456 total
[2020-12-16T14:20:43.049+0000][1][gc,age      ] GC(7) - age   4:      45224 bytes,    7225680 total
[2020-12-16T14:20:43.050+0000][1][gc,age      ] GC(7) - age   5:     181472 bytes,    7407152 total
[2020-12-16T14:20:43.051+0000][1][gc,phases   ] GC(7)   Pre Evacuate Collection Set: 0.5ms
[2020-12-16T14:20:43.052+0000][1][gc,phases   ] GC(7)   Merge Heap Roots: 0.3ms
[2020-12-16T14:20:43.053+0000][1][gc,phases   ] GC(7)   Evacuate Collection Set: 17.0ms
[2020-12-16T14:20:43.055+0000][1][gc,phases   ] GC(7)   Post Evacuate Collection Set: 2.7ms
[2020-12-16T14:20:43.056+0000][1][gc,phases   ] GC(7)   Other: 11.5ms
[2020-12-16T14:20:43.057+0000][1][gc,heap     ] GC(7) Eden regions: 117->0(299)
[2020-12-16T14:20:43.058+0000][1][gc,heap     ] GC(7) Survivor regions: 3->8(39)
[2020-12-16T14:20:43.059+0000][1][gc,heap     ] GC(7) Old regions: 8->8
[2020-12-16T14:20:43.062+0000][1][gc,heap     ] GC(7) Archive regions: 2->2
[2020-12-16T14:20:43.063+0000][1][gc,heap     ] GC(7) Humongous regions: 2->1
[2020-12-16T14:20:43.065+0000][1][gc,metaspace] GC(7) Metaspace: 35042K(35840K)->35042K(35840K) NonClass: 30485K(30976K)->30485K(30976K) Class: 4556K(4864K)->4556K(4864K)
[2020-12-16T14:20:43.066+0000][1][gc          ] GC(7) Pause Young (Concurrent Start) (Metadata GC Threshold) 129M->17M(512M) 46.469ms
[2020-12-16T14:20:43.067+0000][1][gc,cpu      ] GC(7) User=0.04s Sys=0.00s Real=0.05s
[2020-12-16T14:20:43.068+0000][1][gc          ] GC(8) Concurrent Cycle
[2020-12-16T14:20:43.071+0000][1][gc,marking  ] GC(8) Concurrent Clear Claimed Marks
[2020-12-16T14:20:43.072+0000][1][gc,marking  ] GC(8) Concurrent Clear Claimed Marks 0.934ms
[2020-12-16T14:20:43.073+0000][1][gc,marking  ] GC(8) Concurrent Scan Root Regions
[2020-12-16T14:20:43.070+0000][1][safepoint   ] Safepoint "CollectForMetadataAllocation", Time since last: 620978700 ns, Reaching safepoint: 324100 ns, At safepoint: 51400200 ns, Total: 51724300 ns
[2020-12-16T14:20:43.083+0000][1][gc,marking  ] GC(8) Concurrent Scan Root Regions 10.789ms
[2020-12-16T14:20:43.085+0000][1][gc,marking  ] GC(8) Concurrent Mark (12.063s)
[2020-12-16T14:20:43.086+0000][1][gc,marking  ] GC(8) Concurrent Mark From Roots
[2020-12-16T14:20:43.087+0000][1][gc,task     ] GC(8) Using 1 workers of 1 for marking
[2020-12-16T14:20:43.101+0000][1][gc,marking  ] GC(8) Concurrent Mark From Roots 15.357ms
[2020-12-16T14:20:43.102+0000][1][gc,marking  ] GC(8) Concurrent Preclean
[2020-12-16T14:20:43.104+0000][1][gc,marking  ] GC(8) Concurrent Preclean 1.342ms
[2020-12-16T14:20:43.105+0000][1][gc,marking  ] GC(8) Concurrent Mark (12.063s, 12.083s) 20.295ms
[2020-12-16T14:20:43.106+0000][1][gc,start    ] GC(8) Pause Remark
[2020-12-16T14:20:43.114+0000][1][gc          ] GC(8) Pause Remark 18M->18M(512M) 7.497ms
[2020-12-16T14:20:43.115+0000][1][gc,cpu      ] GC(8) User=0.01s Sys=0.00s Real=0.01s
[2020-12-16T14:20:43.116+0000][1][safepoint   ] Safepoint "G1Concurrent", Time since last: 35578200 ns, Reaching safepoint: 349500 ns, At safepoint: 9437500 ns, Total: 9787000 ns
[2020-12-16T14:20:43.117+0000][1][gc,marking  ] GC(8) Concurrent Rebuild Remembered Sets
[2020-12-16T14:20:43.128+0000][1][gc,marking  ] GC(8) Concurrent Rebuild Remembered Sets 10.941ms
[2020-12-16T14:20:43.130+0000][1][gc,start    ] GC(8) Pause Cleanup
[2020-12-16T14:20:43.132+0000][1][gc          ] GC(8) Pause Cleanup 18M->18M(512M) 1.704ms
[2020-12-16T14:20:43.133+0000][1][gc,cpu      ] GC(8) User=0.00s Sys=0.00s Real=0.00s
[2020-12-16T14:20:43.134+0000][1][safepoint   ] Safepoint "G1Concurrent", Time since last: 13624500 ns, Reaching safepoint: 498400 ns, At safepoint: 4399200 ns, Total: 4897600 ns
[2020-12-16T14:20:43.135+0000][1][gc,marking  ] GC(8) Concurrent Cleanup for Next Mark
[2020-12-16T14:20:43.180+0000][1][gc,marking  ] GC(8) Concurrent Cleanup for Next Mark 44.930ms
[2020-12-16T14:20:43.181+0000][1][gc          ] GC(8) Concurrent Cycle 113.755ms
[2020-12-16T14:20:44.136+0000][1][safepoint   ] Safepoint "Cleanup", Time since last: 1001263000 ns, Reaching safepoint: 149800 ns, At safepoint: 8300 ns, Total: 158100 ns
[2020-12-16T14:20:45.139+0000][1][safepoint   ] Safepoint "Cleanup", Time since last: 1001405600 ns, Reaching safepoint: 1530200 ns, At safepoint: 22200 ns, Total: 1552400 ns
[2020-12-16T14:20:46.603+0000][1][safepoint   ] Safepoint "Cleanup", Time since last: 1463884200 ns, Reaching safepoint: 687300 ns, At safepoint: 11800 ns, Total: 699100 ns
[2020-12-16T14:20:47.287+0000][1][safepoint   ] Safepoint "ICBufferFull", Time since last: 683185600 ns, Reaching safepoint: 550700 ns, At safepoint: 16400 ns, Total: 567100 ns
[2020-12-16T14:20:48.346+0000][1][safepoint   ] Safepoint "Cleanup", Time since last: 1000277600 ns, Reaching safepoint: 59160800 ns, At safepoint: 16700 ns, Total: 59177500 ns
[2020-12-16T14:20:49.352+0000][1][safepoint   ] Safepoint "Cleanup", Time since last: 1005359000 ns, Reaching safepoint: 386700 ns, At safepoint: 70300 ns, Total: 457000 ns
[2020-12-16T14:20:51.355+0000][1][safepoint   ] Safepoint "Cleanup", Time since last: 2002167400 ns, Reaching safepoint: 208600 ns, At safepoint: 14200 ns, Total: 222800 ns
[2020-12-16T14:20:53.272+0000][1][safepoint   ] Safepoint "Cleanup", Time since last: 1917350200 ns, Reaching safepoint: 326500 ns, At safepoint: 56600 ns, Total: 383100 ns
[2020-12-16T14:20:54.276+0000][1][safepoint   ] Safepoint "Cleanup", Time since last: 1003231600 ns, Reaching safepoint: 101000 ns, At safepoint: 2400 ns, Total: 103400 ns
[2020-12-16T14:20:55.277+0000][1][safepoint   ] Safepoint "Cleanup", Time since last: 1001275700 ns, Reaching safepoint: 189000 ns, At safepoint: 5000 ns, Total: 194000 ns
[2020-12-16T14:20:56.279+0000][1][safepoint   ] Safepoint "Cleanup", Time since last: 1001570500 ns, Reaching safepoint: 184900 ns, At safepoint: 40900 ns, Total: 225800 ns
[2020-12-16T14:21:00.280+0000][1][safepoint   ] Safepoint "Cleanup", Time since last: 4002597900 ns, Reaching safepoint: 224900 ns, At safepoint: 4000 ns, Total: 228900 ns
[2020-12-16T14:21:03.282+0000][1][safepoint   ] Safepoint "Cleanup", Time since last: 3002508100 ns, Reaching safepoint: 141200 ns, At safepoint: 3900 ns, Total: 145100 ns
[2020-12-16T14:21:06.284+0000][1][safepoint   ] Safepoint "Cleanup", Time since last: 3001535700 ns, Reaching safepoint: 196000 ns, At safepoint: 3700 ns, Total: 199700 ns
[2020-12-16T14:21:19.289+0000][1][safepoint   ] Safepoint "Cleanup", Time since last: 13004560400 ns, Reaching safepoint: 297900 ns, At safepoint: 47900 ns, Total: 345800 ns
[2020-12-16T14:21:24.291+0000][1][safepoint   ] Safepoint "Cleanup", Time since last: 5002021500 ns, Reaching safepoint: 277200 ns, At safepoint: 46300 ns, Total: 323500 ns
[2020-12-16T14:21:33.295+0000][1][safepoint   ] Safepoint "Cleanup", Time since last: 9002735700 ns, Reaching safepoint: 314400 ns, At safepoint: 5800 ns, Total: 320200 ns
[2020-12-16T14:21:34.538+0000][1][safepoint   ] Safepoint "Cleanup", Time since last: 1242812300 ns, Reaching safepoint: 425200 ns, At safepoint: 11400 ns, Total: 436600 ns
[2020-12-16T14:21:35.549+0000][1][safepoint   ] Safepoint "Cleanup", Time since last: 1007925000 ns, Reaching safepoint: 3650200 ns, At safepoint: 8700 ns, Total: 3658900 ns
[2020-12-16T14:21:36.550+0000][1][safepoint   ] Safepoint "Cleanup", Time since last: 1000439800 ns, Reaching safepoint: 306100 ns, At safepoint: 52100 ns, Total: 358200 ns
[2020-12-16T14:21:37.573+0000][1][safepoint   ] Safepoint "Cleanup", Time since last: 1022241600 ns, Reaching safepoint: 422700 ns, At safepoint: 8900 ns, Total: 431600 ns
[2020-12-16T14:21:37.711+0000][1][gc,start    ] GC(9) Pause Young (Concurrent Start) (Metadata GC Threshold)
[2020-12-16T14:21:37.738+0000][1][gc,task     ] GC(9) Using 2 workers of 2 for evacuation
[2020-12-16T14:21:37.744+0000][1][gc,age      ] GC(9) Desired survivor size 20447232 bytes, new threshold 15 (max threshold 15)
[2020-12-16T14:21:37.833+0000][1][gc,age      ] GC(9) Age table with threshold 15 (max threshold 15)
[2020-12-16T14:21:37.836+0000][1][gc,age      ] GC(9) - age   1:   10036480 bytes,   10036480 total
[2020-12-16T14:21:37.837+0000][1][gc,age      ] GC(9) - age   2:    5233912 bytes,   15270392 total
[2020-12-16T14:21:37.838+0000][1][gc,age      ] GC(9) - age   3:    1626784 bytes,   16897176 total
[2020-12-16T14:21:37.839+0000][1][gc,age      ] GC(9) - age   4:      26776 bytes,   16923952 total
[2020-12-16T14:21:37.841+0000][1][gc,age      ] GC(9) - age   5:      41768 bytes,   16965720 total
[2020-12-16T14:21:37.842+0000][1][gc,age      ] GC(9) - age   6:     175864 bytes,   17141584 total
[2020-12-16T14:21:37.843+0000][1][gc,phases   ] GC(9)   Pre Evacuate Collection Set: 0.3ms
[2020-12-16T14:21:37.845+0000][1][gc,phases   ] GC(9)   Merge Heap Roots: 0.2ms
[2020-12-16T14:21:37.849+0000][1][gc,phases   ] GC(9)   Evacuate Collection Set: 80.0ms
[2020-12-16T14:21:37.851+0000][1][gc,phases   ] GC(9)   Post Evacuate Collection Set: 6.4ms
[2020-12-16T14:21:37.852+0000][1][gc,phases   ] GC(9)   Other: 45.4ms
[2020-12-16T14:21:37.852+0000][1][gc,heap     ] GC(9) Eden regions: 159->0(146)
[2020-12-16T14:21:37.853+0000][1][gc,heap     ] GC(9) Survivor regions: 8->17(39)
[2020-12-16T14:21:37.854+0000][1][gc,heap     ] GC(9) Old regions: 8->8
[2020-12-16T14:21:37.855+0000][1][gc,heap     ] GC(9) Archive regions: 2->2
[2020-12-16T14:21:37.856+0000][1][gc,heap     ] GC(9) Humongous regions: 7->1
[2020-12-16T14:21:37.857+0000][1][gc,metaspace] GC(9) Metaspace: 58982K(60160K)->58982K(60160K) NonClass: 50979K(51840K)->50979K(51840K) Class: 8002K(8320K)->8002K(8320K)
[2020-12-16T14:21:37.858+0000][1][gc          ] GC(9) Pause Young (Concurrent Start) (Metadata GC Threshold) 181M->26M(512M) 146.934ms
[2020-12-16T14:21:37.859+0000][1][gc,cpu      ] GC(9) User=0.12s Sys=0.01s Real=0.15s
[2020-12-16T14:21:37.861+0000][1][safepoint   ] Safepoint "CollectForMetadataAllocation", Time since last: 137277500 ns, Reaching safepoint: 743300 ns, At safepoint: 149910900 ns, Total: 150654200 ns
[2020-12-16T14:21:37.861+0000][1][gc          ] GC(10) Concurrent Cycle
[2020-12-16T14:21:37.873+0000][1][gc,marking  ] GC(10) Concurrent Clear Claimed Marks
[2020-12-16T14:21:37.884+0000][1][gc,marking  ] GC(10) Concurrent Clear Claimed Marks 10.671ms
[2020-12-16T14:21:37.903+0000][1][gc,marking  ] GC(10) Concurrent Scan Root Regions
[2020-12-16T14:21:37.983+0000][1][gc,marking  ] GC(10) Concurrent Scan Root Regions 80.595ms
[2020-12-16T14:21:37.985+0000][1][gc,marking  ] GC(10) Concurrent Mark (66.965s)
[2020-12-16T14:21:37.986+0000][1][gc,marking  ] GC(10) Concurrent Mark From Roots
[2020-12-16T14:21:37.988+0000][1][gc,task     ] GC(10) Using 1 workers of 1 for marking
[2020-12-16T14:21:38.081+0000][1][gc,marking  ] GC(10) Concurrent Mark From Roots 95.075ms
[2020-12-16T14:21:38.093+0000][1][gc,marking  ] GC(10) Concurrent Preclean
[2020-12-16T14:21:38.098+0000][1][gc,marking  ] GC(10) Concurrent Preclean 5.222ms
[2020-12-16T14:21:38.097+0000][1][safepoint   ] Safepoint "CollectForMetadataAllocation", Time since last: 221834600 ns, Reaching safepoint: 14196600 ns, At safepoint: 81900 ns, Total: 14278500 ns
[2020-12-16T14:21:38.110+0000][1][gc,marking  ] GC(10) Concurrent Mark (66.965s, 67.090s) 125.001ms
[2020-12-16T14:21:38.162+0000][1][gc,start    ] GC(10) Pause Remark
[2020-12-16T14:21:38.183+0000][1][gc          ] GC(10) Pause Remark 32M->32M(512M) 20.664ms
[2020-12-16T14:21:38.184+0000][1][gc,cpu      ] GC(10) User=0.02s Sys=0.00s Real=0.02s
[2020-12-16T14:21:38.191+0000][1][safepoint   ] Safepoint "G1Concurrent", Time since last: 64406100 ns, Reaching safepoint: 699800 ns, At safepoint: 29116800 ns, Total: 29816600 ns
[2020-12-16T14:21:38.195+0000][1][gc,marking  ] GC(10) Concurrent Rebuild Remembered Sets
[2020-12-16T14:21:38.230+0000][1][gc,marking  ] GC(10) Concurrent Rebuild Remembered Sets 35.101ms
[2020-12-16T14:21:38.234+0000][1][gc,start    ] GC(10) Pause Cleanup
[2020-12-16T14:21:38.235+0000][1][gc          ] GC(10) Pause Cleanup 33M->33M(512M) 1.492ms
[2020-12-16T14:21:38.241+0000][1][gc,cpu      ] GC(10) User=0.01s Sys=0.00s Real=0.01s
[2020-12-16T14:21:38.243+0000][1][safepoint   ] Safepoint "G1Concurrent", Time since last: 41238300 ns, Reaching safepoint: 1119600 ns, At safepoint: 9244300 ns, Total: 10363900 ns
[2020-12-16T14:21:38.269+0000][1][gc,marking  ] GC(10) Concurrent Cleanup for Next Mark
[2020-12-16T14:21:38.282+0000][1][gc,marking  ] GC(10) Concurrent Cleanup for Next Mark 13.299ms
[2020-12-16T14:21:38.309+0000][1][gc          ] GC(10) Concurrent Cycle 447.933ms
[2020-12-16T14:21:39.269+0000][1][safepoint   ] Safepoint "Cleanup", Time since last: 1026006300 ns, Reaching safepoint: 189500 ns, At safepoint: 2600 ns, Total: 192100 ns
[2020-12-16T14:21:40.340+0000][1][safepoint   ] Safepoint "Cleanup", Time since last: 1070692800 ns, Reaching safepoint: 188600 ns, At safepoint: 5900 ns, Total: 194500 ns
[2020-12-16T14:21:41.341+0000][1][safepoint   ] Safepoint "Cleanup", Time since last: 1001356100 ns, Reaching safepoint: 239800 ns, At safepoint: 3100 ns, Total: 242900 ns
[2020-12-16T14:21:46.349+0000][1][safepoint   ] Safepoint "Cleanup", Time since last: 5006834100 ns, Reaching safepoint: 274700 ns, At safepoint: 22600 ns, Total: 297300 ns
[2020-12-16T14:21:49.420+0000][1][safepoint   ] Safepoint "Cleanup", Time since last: 3071404000 ns, Reaching safepoint: 148500 ns, At safepoint: 3400 ns, Total: 151900 ns
[2020-12-16T14:21:51.422+0000][1][safepoint   ] Safepoint "Cleanup", Time since last: 2001303500 ns, Reaching safepoint: 291800 ns, At safepoint: 18000 ns, Total: 309800 ns
[2020-12-16T14:21:52.423+0000][1][safepoint   ] Safepoint "Cleanup", Time since last: 1001484900 ns, Reaching safepoint: 125600 ns, At safepoint: 33200 ns, Total: 158800 ns
[2020-12-16T14:21:53.429+0000][1][safepoint   ] Safepoint "Cleanup", Time since last: 1005412500 ns, Reaching safepoint: 168500 ns, At safepoint: 35800 ns, Total: 204300 ns
[2020-12-16T14:21:56.431+0000][1][safepoint   ] Safepoint "Cleanup", Time since last: 3001585200 ns, Reaching safepoint: 224700 ns, At safepoint: 41700 ns, Total: 266400 ns
[2020-12-16T14:21:58.433+0000][1][safepoint   ] Safepoint "Cleanup", Time since last: 2001693800 ns, Reaching safepoint: 151200 ns, At safepoint: 3500 ns, Total: 154700 ns
[2020-12-16T14:22:01.435+0000][1][safepoint   ] Safepoint "Cleanup", Time since last: 3001950100 ns, Reaching safepoint: 381200 ns, At safepoint: 78100 ns, Total: 459300 ns
[2020-12-16T14:22:04.441+0000][1][safepoint   ] Safepoint "Cleanup", Time since last: 3001948200 ns, Reaching safepoint: 4011600 ns, At safepoint: 48700 ns, Total: 4060300 ns
[2020-12-16T14:22:05.443+0000][1][safepoint   ] Safepoint "Cleanup", Time since last: 1001288300 ns, Reaching safepoint: 143100 ns, At safepoint: 4900 ns, Total: 148000 ns
[2020-12-16T14:22:06.458+0000][1][safepoint   ] Safepoint "Cleanup", Time since last: 1009835600 ns, Reaching safepoint: 5591700 ns, At safepoint: 18100 ns, Total: 5609800 ns
[2020-12-16T14:22:07.473+0000][1][safepoint   ] Safepoint "Cleanup", Time since last: 1014813600 ns, Reaching safepoint: 261900 ns, At safepoint: 4200 ns, Total: 266100 ns
[2020-12-16T14:22:08.490+0000][1][safepoint   ] Safepoint "Cleanup", Time since last: 1016353700 ns, Reaching safepoint: 191900 ns, At safepoint: 36300 ns, Total: 228200 ns
[2020-12-16T14:22:10.492+0000][1][safepoint   ] Safepoint "Cleanup", Time since last: 2001686700 ns, Reaching safepoint: 412600 ns, At safepoint: 95100 ns, Total: 507700 ns
[2020-12-16T14:22:11.493+0000][1][safepoint   ] Safepoint "Cleanup", Time since last: 1001046300 ns, Reaching safepoint: 243600 ns, At safepoint: 53600 ns, Total: 297200 ns
[2020-12-16T14:22:12.623+0000][1][safepoint   ] Safepoint "Cleanup", Time since last: 1129248200 ns, Reaching safepoint: 318800 ns, At safepoint: 36700 ns, Total: 355500 ns
[2020-12-16T14:22:15.625+0000][1][safepoint   ] Safepoint "Cleanup", Time since last: 3001422800 ns, Reaching safepoint: 380300 ns, At safepoint: 94000 ns, Total: 474300 ns
[2020-12-16T14:22:16.626+0000][1][safepoint   ] Safepoint "Cleanup", Time since last: 1001101000 ns, Reaching safepoint: 215300 ns, At safepoint: 6900 ns, Total: 222200 ns
[2020-12-16T14:22:17.629+0000][1][safepoint   ] Safepoint "Cleanup", Time since last: 1002068600 ns, Reaching safepoint: 225100 ns, At safepoint: 24700 ns, Total: 249800 ns
[2020-12-16T14:22:18.644+0000][1][safepoint   ] Safepoint "Cleanup", Time since last: 1008721700 ns, Reaching safepoint: 6481700 ns, At safepoint: 26100 ns, Total: 6507800 ns
[2020-12-16T14:22:19.647+0000][1][safepoint   ] Safepoint "Cleanup", Time since last: 1002251600 ns, Reaching safepoint: 525400 ns, At safepoint: 110200 ns, Total: 635600 ns
[2020-12-16T14:22:20.653+0000][1][safepoint   ] Safepoint "Cleanup", Time since last: 1006129700 ns, Reaching safepoint: 442200 ns, At safepoint: 23600 ns, Total: 465800 ns
[2020-12-16T14:22:21.657+0000][1][safepoint   ] Safepoint "Cleanup", Time since last: 1003223000 ns, Reaching safepoint: 166200 ns, At safepoint: 5200 ns, Total: 171400 ns
[2020-12-16T14:22:22.681+0000][1][safepoint   ] Safepoint "Cleanup", Time since last: 1023501400 ns, Reaching safepoint: 705600 ns, At safepoint: 19300 ns, Total: 724900 ns
[2020-12-16T14:22:23.683+0000][1][safepoint   ] Safepoint "Cleanup", Time since last: 1001860500 ns, Reaching safepoint: 198000 ns, At safepoint: 20100 ns, Total: 218100 ns
[2020-12-16T14:22:25.687+0000][1][safepoint   ] Safepoint "Cleanup", Time since last: 2003097200 ns, Reaching safepoint: 834600 ns, At safepoint: 16000 ns, Total: 850600 ns
[2020-12-16T14:22:26.691+0000][1][safepoint   ] Safepoint "Cleanup", Time since last: 1003969700 ns, Reaching safepoint: 169400 ns, At safepoint: 3800 ns, Total: 173200 ns
[2020-12-16T14:22:27.694+0000][1][safepoint   ] Safepoint "Cleanup", Time since last: 1001684600 ns, Reaching safepoint: 190000 ns, At safepoint: 3200 ns, Total: 193200 ns
[2020-12-16T14:22:28.701+0000][1][safepoint   ] Safepoint "Cleanup", Time since last: 1007044800 ns, Reaching safepoint: 342800 ns, At safepoint: 18300 ns, Total: 361100 ns
[2020-12-16T14:22:29.711+0000][1][safepoint   ] Safepoint "Cleanup", Time since last: 1010200600 ns, Reaching safepoint: 262700 ns, At safepoint: 18000 ns, Total: 280700 ns
[2020-12-16T14:22:30.720+0000][1][safepoint   ] Safepoint "Cleanup", Time since last: 1008853100 ns, Reaching safepoint: 153900 ns, At safepoint: 6500 ns, Total: 160400 ns
[2020-12-16T14:22:31.732+0000][1][safepoint   ] Safepoint "Cleanup", Time since last: 1011390700 ns, Reaching safepoint: 179900 ns, At safepoint: 2300 ns, Total: 182200 ns
[2020-12-16T14:22:33.734+0000][1][safepoint   ] Safepoint "Cleanup", Time since last: 2001721600 ns, Reaching safepoint: 196700 ns, At safepoint: 19000 ns, Total: 215700 ns
[2020-12-16T14:22:35.736+0000][1][safepoint   ] Safepoint "Cleanup", Time since last: 2001618100 ns, Reaching safepoint: 249200 ns, At safepoint: 22100 ns, Total: 271300 ns
[2020-12-16T14:22:36.753+0000][1][safepoint   ] Safepoint "Cleanup", Time since last: 1016428500 ns, Reaching safepoint: 417700 ns, At safepoint: 15000 ns, Total: 432700 ns
[2020-12-16T14:22:37.755+0000][1][safepoint   ] Safepoint "Cleanup", Time since last: 1001705000 ns, Reaching safepoint: 168500 ns, At safepoint: 3000 ns, Total: 171500 ns
[2020-12-16T14:22:38.757+0000][1][safepoint   ] Safepoint "Cleanup", Time since last: 1001976100 ns, Reaching safepoint: 158000 ns, At safepoint: 2500 ns, Total: 160500 ns
[2020-12-16T14:22:39.758+0000][1][safepoint   ] Safepoint "Cleanup", Time since last: 1001112100 ns, Reaching safepoint: 179400 ns, At safepoint: 10500 ns, Total: 189900 ns
[2020-12-16T14:22:40.760+0000][1][safepoint   ] Safepoint "Cleanup", Time since last: 1001437200 ns, Reaching safepoint: 214700 ns, At safepoint: 20500 ns, Total: 235200 ns
[2020-12-16T14:22:42.761+0000][1][safepoint   ] Safepoint "Cleanup", Time since last: 2001526200 ns, Reaching safepoint: 142800 ns, At safepoint: 3100 ns, Total: 145900 ns
[2020-12-16T14:22:43.764+0000][1][safepoint   ] Safepoint "Cleanup", Time since last: 1001998200 ns, Reaching safepoint: 156200 ns, At safepoint: 26300 ns, Total: 182500 ns
[2020-12-16T14:22:51.767+0000][1][safepoint   ] Safepoint "Cleanup", Time since last: 8003215800 ns, Reaching safepoint: 330700 ns, At safepoint: 57900 ns, Total: 388600 ns
[2020-12-16T14:22:52.769+0000][1][safepoint   ] Safepoint "Cleanup", Time since last: 1001424600 ns, Reaching safepoint: 174100 ns, At safepoint: 5700 ns, Total: 179800 ns
[2020-12-16T14:23:04.771+0000][1][safepoint   ] Safepoint "Cleanup", Time since last: 12002769600 ns, Reaching safepoint: 177300 ns, At safepoint: 6100 ns, Total: 183400 ns
[2020-12-16T14:23:07.773+0000][1][safepoint   ] Safepoint "Cleanup", Time since last: 3001714700 ns, Reaching safepoint: 231100 ns, At safepoint: 3000 ns, Total: 234100 ns
[2020-12-16T14:23:22.778+0000][1][safepoint   ] Safepoint "Cleanup", Time since last: 15004776600 ns, Reaching safepoint: 157500 ns, At safepoint: 7500 ns, Total: 165000 ns
[2020-12-16T14:23:32.781+0000][1][safepoint   ] Safepoint "Cleanup", Time since last: 10002681200 ns, Reaching safepoint: 190300 ns, At safepoint: 33300 ns, Total: 223600 ns
[2020-12-16T14:23:34.784+0000][1][safepoint   ] Safepoint "Cleanup", Time since last: 2002919300 ns, Reaching safepoint: 324700 ns, At safepoint: 10400 ns, Total: 335100 ns
[2020-12-16T14:23:38.787+0000][1][safepoint   ] Safepoint "Cleanup", Time since last: 4002307100 ns, Reaching safepoint: 632400 ns, At safepoint: 12600 ns, Total: 645000 ns
[2020-12-16T14:23:38.819+0000][1][gc,heap,exit] Heap
[2020-12-16T14:23:38.821+0000][1][gc,heap,exit]  garbage-first heap   total 524288K, used 116401K [0x00000000e0000000, 0x0000000100000000)
[2020-12-16T14:23:38.823+0000][1][gc,heap,exit]   region size 1024K, 104 young (106496K), 17 survivors (17408K)
[2020-12-16T14:23:38.824+0000][1][gc,heap,exit]  Metaspace       used 67664K, capacity 68590K, committed 68992K, reserved 1110016K
[2020-12-16T14:23:38.825+0000][1][gc,heap,exit]   class space    used 8953K, capacity 9298K, committed 9344K, reserved 1048576K
