[2020-12-16T14:28:47.904+0000][1][gc] Using G1
[2020-12-16T14:28:47.919+0000][1][gc,init] Version: 15.0.1+9 (release)
[2020-12-16T14:28:47.922+0000][1][gc,init] CPUs: 2 total, 2 available
[2020-12-16T14:28:47.924+0000][1][gc,init] Memory: 1961M
[2020-12-16T14:28:47.927+0000][1][gc,init] Large Page Support: Disabled
[2020-12-16T14:28:47.943+0000][1][gc,init] NUMA Support: Disabled
[2020-12-16T14:28:47.947+0000][1][gc,init] Compressed Oops: Enabled (32-bit)
[2020-12-16T14:28:47.959+0000][1][gc,init] Heap Region Size: 1M
[2020-12-16T14:28:47.960+0000][1][gc,init] Heap Min Capacity: 512M
[2020-12-16T14:28:47.961+0000][1][gc,init] Heap Initial Capacity: 512M
[2020-12-16T14:28:47.962+0000][1][gc,init] Heap Max Capacity: 512M
[2020-12-16T14:28:47.964+0000][1][gc,init] Pre-touch: Disabled
[2020-12-16T14:28:47.972+0000][1][gc,init] Parallel Workers: 2
[2020-12-16T14:28:47.973+0000][1][gc,init] Concurrent Workers: 1
[2020-12-16T14:28:47.975+0000][1][gc,init] Concurrent Refinement Workers: 2
[2020-12-16T14:28:47.976+0000][1][gc,init] Periodic GC: Disabled
[2020-12-16T14:28:47.979+0000][1][gc,cds ] Mark closed archive regions in map: [0x00000000fff00000, 0x00000000fff7bff8]
[2020-12-16T14:28:47.980+0000][1][gc,cds ] Mark open archive regions in map: [0x00000000ffe00000, 0x00000000ffe51ff8]
[2020-12-16T14:28:47.981+0000][1][gc,metaspace] CDS archive(s) mapped at: [0x0000000800000000-0x0000000800b2a000-0x0000000800b2a000), size 11706368, SharedBaseAddress: 0x0000000800000000, ArchiveRelocationMode: 0.
[2020-12-16T14:28:47.987+0000][1][gc,metaspace] Compressed class space mapped at: 0x0000000800b2c000-0x0000000840b2c000, size: 1073741824
[2020-12-16T14:28:47.988+0000][1][gc,metaspace] Narrow klass base: 0x0000000800000000, Narrow klass shift: 3, Narrow klass range: 0x100000000
[2020-12-16T14:28:49.731+0000][1][safepoint   ] Safepoint "Cleanup", Time since last: 1722774500 ns, Reaching safepoint: 338300 ns, At safepoint: 5900 ns, Total: 344200 ns
[2020-12-16T14:28:50.815+0000][1][safepoint   ] Safepoint "Cleanup", Time since last: 1082237500 ns, Reaching safepoint: 1317400 ns, At safepoint: 40700 ns, Total: 1358100 ns
[2020-12-16T14:28:50.835+0000][1][gc,start    ] GC(0) Pause Young (Normal) (G1 Evacuation Pause)
[2020-12-16T14:28:50.837+0000][1][gc,task     ] GC(0) Using 2 workers of 2 for evacuation
[2020-12-16T14:28:50.838+0000][1][gc,age      ] GC(0) Desired survivor size 2097152 bytes, new threshold 15 (max threshold 15)
[2020-12-16T14:28:50.856+0000][1][gc,age      ] GC(0) Age table with threshold 15 (max threshold 15)
[2020-12-16T14:28:50.858+0000][1][gc,age      ] GC(0) - age   1:    4020480 bytes,    4020480 total
[2020-12-16T14:28:50.859+0000][1][gc,phases   ] GC(0)   Pre Evacuate Collection Set: 0.3ms
[2020-12-16T14:28:50.860+0000][1][gc,phases   ] GC(0)   Merge Heap Roots: 0.1ms
[2020-12-16T14:28:50.861+0000][1][gc,phases   ] GC(0)   Evacuate Collection Set: 15.3ms
[2020-12-16T14:28:50.862+0000][1][gc,phases   ] GC(0)   Post Evacuate Collection Set: 1.3ms
[2020-12-16T14:28:50.863+0000][1][gc,phases   ] GC(0)   Other: 6.5ms
[2020-12-16T14:28:50.866+0000][1][gc,heap     ] GC(0) Eden regions: 25->0(21)
[2020-12-16T14:28:50.868+0000][1][gc,heap     ] GC(0) Survivor regions: 0->4(4)
[2020-12-16T14:28:50.869+0000][1][gc,heap     ] GC(0) Old regions: 0->3
[2020-12-16T14:28:50.870+0000][1][gc,heap     ] GC(0) Archive regions: 2->2
[2020-12-16T14:28:50.871+0000][1][gc,heap     ] GC(0) Humongous regions: 1->1
[2020-12-16T14:28:50.872+0000][1][gc,metaspace] GC(0) Metaspace: 7766K(8576K)->7766K(8576K) NonClass: 6937K(7680K)->6937K(7680K) Class: 828K(896K)->828K(896K)
[2020-12-16T14:28:50.874+0000][1][gc          ] GC(0) Pause Young (Normal) (G1 Evacuation Pause) 26M->8M(512M) 38.304ms
[2020-12-16T14:28:50.875+0000][1][gc,cpu      ] GC(0) User=0.03s Sys=0.00s Real=0.04s
[2020-12-16T14:28:50.877+0000][1][safepoint   ] Safepoint "G1CollectForAllocation", Time since last: 19936500 ns, Reaching safepoint: 299700 ns, At safepoint: 41246300 ns, Total: 41546000 ns
[2020-12-16T14:28:52.021+0000][1][safepoint   ] Safepoint "Cleanup", Time since last: 1144535000 ns, Reaching safepoint: 261900 ns, At safepoint: 61900 ns, Total: 323800 ns
[2020-12-16T14:28:52.274+0000][1][gc,start    ] GC(1) Pause Young (Normal) (G1 Evacuation Pause)
[2020-12-16T14:28:52.275+0000][1][gc,task     ] GC(1) Using 2 workers of 2 for evacuation
[2020-12-16T14:28:52.276+0000][1][gc,age      ] GC(1) Desired survivor size 2097152 bytes, new threshold 1 (max threshold 15)
[2020-12-16T14:28:52.295+0000][1][gc,age      ] GC(1) Age table with threshold 1 (max threshold 15)
[2020-12-16T14:28:52.296+0000][1][gc,age      ] GC(1) - age   1:    2665120 bytes,    2665120 total
[2020-12-16T14:28:52.297+0000][1][gc,phases   ] GC(1)   Pre Evacuate Collection Set: 0.3ms
[2020-12-16T14:28:52.299+0000][1][gc,phases   ] GC(1)   Merge Heap Roots: 0.2ms
[2020-12-16T14:28:52.300+0000][1][gc,phases   ] GC(1)   Evacuate Collection Set: 14.8ms
[2020-12-16T14:28:52.302+0000][1][gc,phases   ] GC(1)   Post Evacuate Collection Set: 2.0ms
[2020-12-16T14:28:52.303+0000][1][gc,phases   ] GC(1)   Other: 5.4ms
[2020-12-16T14:28:52.304+0000][1][gc,heap     ] GC(1) Eden regions: 21->0(22)
[2020-12-16T14:28:52.305+0000][1][gc,heap     ] GC(1) Survivor regions: 4->3(4)
[2020-12-16T14:28:52.306+0000][1][gc,heap     ] GC(1) Old regions: 3->7
[2020-12-16T14:28:52.307+0000][1][gc,heap     ] GC(1) Archive regions: 2->2
[2020-12-16T14:28:52.308+0000][1][gc,heap     ] GC(1) Humongous regions: 1->1
[2020-12-16T14:28:52.309+0000][1][gc,metaspace] GC(1) Metaspace: 12517K(13184K)->12517K(13184K) NonClass: 11058K(11520K)->11058K(11520K) Class: 1459K(1664K)->1459K(1664K)
[2020-12-16T14:28:52.310+0000][1][gc          ] GC(1) Pause Young (Normal) (G1 Evacuation Pause) 29M->10M(512M) 36.205ms
[2020-12-16T14:28:52.312+0000][1][gc,cpu      ] GC(1) User=0.03s Sys=0.00s Real=0.04s
[2020-12-16T14:28:52.316+0000][1][safepoint   ] Safepoint "G1CollectForAllocation", Time since last: 252143700 ns, Reaching safepoint: 655200 ns, At safepoint: 42039000 ns, Total: 42694200 ns
[2020-12-16T14:28:52.793+0000][1][gc,start    ] GC(2) Pause Young (Normal) (G1 Evacuation Pause)
[2020-12-16T14:28:52.795+0000][1][gc,task     ] GC(2) Using 2 workers of 2 for evacuation
[2020-12-16T14:28:52.796+0000][1][gc,age      ] GC(2) Desired survivor size 2097152 bytes, new threshold 1 (max threshold 15)
[2020-12-16T14:28:52.807+0000][1][gc,age      ] GC(2) Age table with threshold 1 (max threshold 15)
[2020-12-16T14:28:52.808+0000][1][gc,age      ] GC(2) - age   1:     190488 bytes,     190488 total
[2020-12-16T14:28:52.810+0000][1][gc,phases   ] GC(2)   Pre Evacuate Collection Set: 0.2ms
[2020-12-16T14:28:52.812+0000][1][gc,phases   ] GC(2)   Merge Heap Roots: 0.5ms
[2020-12-16T14:28:52.813+0000][1][gc,phases   ] GC(2)   Evacuate Collection Set: 7.1ms
[2020-12-16T14:28:52.815+0000][1][gc,phases   ] GC(2)   Post Evacuate Collection Set: 1.5ms
[2020-12-16T14:28:52.818+0000][1][gc,phases   ] GC(2)   Other: 7.3ms
[2020-12-16T14:28:52.819+0000][1][gc,heap     ] GC(2) Eden regions: 22->0(39)
[2020-12-16T14:28:52.820+0000][1][gc,heap     ] GC(2) Survivor regions: 3->1(4)
[2020-12-16T14:28:52.821+0000][1][gc,heap     ] GC(2) Old regions: 7->9
[2020-12-16T14:28:52.823+0000][1][gc,heap     ] GC(2) Archive regions: 2->2
[2020-12-16T14:28:52.824+0000][1][gc,heap     ] GC(2) Humongous regions: 1->1
[2020-12-16T14:28:52.825+0000][1][gc,metaspace] GC(2) Metaspace: 13755K(14336K)->13755K(14336K) NonClass: 12160K(12544K)->12160K(12544K) Class: 1595K(1792K)->1595K(1792K)
[2020-12-16T14:28:52.826+0000][1][gc          ] GC(2) Pause Young (Normal) (G1 Evacuation Pause) 32M->10M(512M) 32.471ms
[2020-12-16T14:28:52.827+0000][1][gc,cpu      ] GC(2) User=0.01s Sys=0.01s Real=0.03s
[2020-12-16T14:28:52.839+0000][1][safepoint   ] Safepoint "G1CollectForAllocation", Time since last: 476946500 ns, Reaching safepoint: 155700 ns, At safepoint: 45881900 ns, Total: 46037600 ns
[2020-12-16T14:28:53.851+0000][1][safepoint   ] Safepoint "Cleanup", Time since last: 1009908800 ns, Reaching safepoint: 2241200 ns, At safepoint: 55400 ns, Total: 2296600 ns
[2020-12-16T14:28:54.082+0000][1][gc,start    ] GC(3) Pause Young (Normal) (G1 Evacuation Pause)
[2020-12-16T14:28:54.084+0000][1][gc,task     ] GC(3) Using 2 workers of 2 for evacuation
[2020-12-16T14:28:54.085+0000][1][gc,age      ] GC(3) Desired survivor size 2621440 bytes, new threshold 15 (max threshold 15)
[2020-12-16T14:28:54.112+0000][1][gc,age      ] GC(3) Age table with threshold 15 (max threshold 15)
[2020-12-16T14:28:54.115+0000][1][gc,age      ] GC(3) - age   1:    3402232 bytes,    3402232 total
[2020-12-16T14:28:54.117+0000][1][gc,age      ] GC(3) - age   2:     174472 bytes,    3576704 total
[2020-12-16T14:28:54.118+0000][1][gc,phases   ] GC(3)   Pre Evacuate Collection Set: 0.3ms
[2020-12-16T14:28:54.119+0000][1][gc,phases   ] GC(3)   Merge Heap Roots: 0.1ms
[2020-12-16T14:28:54.121+0000][1][gc,phases   ] GC(3)   Evacuate Collection Set: 24.2ms
[2020-12-16T14:28:54.122+0000][1][gc,phases   ] GC(3)   Post Evacuate Collection Set: 1.5ms
[2020-12-16T14:28:54.123+0000][1][gc,phases   ] GC(3)   Other: 10.0ms
[2020-12-16T14:28:54.124+0000][1][gc,heap     ] GC(3) Eden regions: 39->0(61)
[2020-12-16T14:28:54.125+0000][1][gc,heap     ] GC(3) Survivor regions: 1->4(5)
[2020-12-16T14:28:54.126+0000][1][gc,heap     ] GC(3) Old regions: 9->9
[2020-12-16T14:28:54.127+0000][1][gc,heap     ] GC(3) Archive regions: 2->2
[2020-12-16T14:28:54.128+0000][1][gc,heap     ] GC(3) Humongous regions: 1->1
[2020-12-16T14:28:54.129+0000][1][gc,metaspace] GC(3) Metaspace: 14326K(14848K)->14326K(14848K) NonClass: 12675K(13056K)->12675K(13056K) Class: 1651K(1792K)->1651K(1792K)
[2020-12-16T14:28:54.129+0000][1][gc          ] GC(3) Pause Young (Normal) (G1 Evacuation Pause) 49M->13M(512M) 46.964ms
[2020-12-16T14:28:54.133+0000][1][gc,cpu      ] GC(3) User=0.07s Sys=0.01s Real=0.05s
[2020-12-16T14:28:54.134+0000][1][safepoint   ] Safepoint "G1CollectForAllocation", Time since last: 230644500 ns, Reaching safepoint: 237500 ns, At safepoint: 52025400 ns, Total: 52262900 ns
[2020-12-16T14:28:54.483+0000][1][gc,start    ] GC(4) Pause Young (Normal) (G1 Evacuation Pause)
[2020-12-16T14:28:54.485+0000][1][gc,task     ] GC(4) Using 2 workers of 2 for evacuation
[2020-12-16T14:28:54.486+0000][1][gc,age      ] GC(4) Desired survivor size 4718592 bytes, new threshold 15 (max threshold 15)
[2020-12-16T14:28:54.491+0000][1][gc,age      ] GC(4) Age table with threshold 15 (max threshold 15)
[2020-12-16T14:28:54.492+0000][1][gc,age      ] GC(4) - age   1:     921752 bytes,     921752 total
[2020-12-16T14:28:54.493+0000][1][gc,age      ] GC(4) - age   2:      92656 bytes,    1014408 total
[2020-12-16T14:28:54.494+0000][1][gc,age      ] GC(4) - age   3:     174472 bytes,    1188880 total
[2020-12-16T14:28:54.495+0000][1][gc,phases   ] GC(4)   Pre Evacuate Collection Set: 0.2ms
[2020-12-16T14:28:54.497+0000][1][gc,phases   ] GC(4)   Merge Heap Roots: 0.1ms
[2020-12-16T14:28:54.499+0000][1][gc,phases   ] GC(4)   Evacuate Collection Set: 3.4ms
[2020-12-16T14:28:54.500+0000][1][gc,phases   ] GC(4)   Post Evacuate Collection Set: 1.3ms
[2020-12-16T14:28:54.501+0000][1][gc,phases   ] GC(4)   Other: 7.4ms
[2020-12-16T14:28:54.502+0000][1][gc,heap     ] GC(4) Eden regions: 61->0(305)
[2020-12-16T14:28:54.503+0000][1][gc,heap     ] GC(4) Survivor regions: 4->2(9)
[2020-12-16T14:28:54.506+0000][1][gc,heap     ] GC(4) Old regions: 9->9
[2020-12-16T14:28:54.506+0000][1][gc,heap     ] GC(4) Archive regions: 2->2
[2020-12-16T14:28:54.508+0000][1][gc,heap     ] GC(4) Humongous regions: 1->1
[2020-12-16T14:28:54.508+0000][1][gc,metaspace] GC(4) Metaspace: 14470K(15104K)->14470K(15104K) NonClass: 12812K(13312K)->12812K(13312K) Class: 1658K(1792K)->1658K(1792K)
[2020-12-16T14:28:54.509+0000][1][gc          ] GC(4) Pause Young (Normal) (G1 Evacuation Pause) 74M->11M(512M) 26.268ms
[2020-12-16T14:28:54.510+0000][1][gc,cpu      ] GC(4) User=0.03s Sys=0.00s Real=0.02s
[2020-12-16T14:28:54.512+0000][1][safepoint   ] Safepoint "G1CollectForAllocation", Time since last: 348240600 ns, Reaching safepoint: 386400 ns, At safepoint: 28652100 ns, Total: 29038500 ns
[2020-12-16T14:28:55.514+0000][1][safepoint   ] Safepoint "Cleanup", Time since last: 1002606500 ns, Reaching safepoint: 247400 ns, At safepoint: 4300 ns, Total: 251700 ns
[2020-12-16T14:28:56.289+0000][1][gc,start    ] GC(5) Pause Young (Concurrent Start) (Metadata GC Threshold)
[2020-12-16T14:28:56.290+0000][1][gc,task     ] GC(5) Using 2 workers of 2 for evacuation
[2020-12-16T14:28:56.292+0000][1][gc,age      ] GC(5) Desired survivor size 20447232 bytes, new threshold 15 (max threshold 15)
[2020-12-16T14:28:56.307+0000][1][gc,age      ] GC(5) Age table with threshold 15 (max threshold 15)
[2020-12-16T14:28:56.308+0000][1][gc,age      ] GC(5) - age   1:    1754720 bytes,    1754720 total
[2020-12-16T14:28:56.309+0000][1][gc,age      ] GC(5) - age   2:      27256 bytes,    1781976 total
[2020-12-16T14:28:56.310+0000][1][gc,age      ] GC(5) - age   3:      90840 bytes,    1872816 total
[2020-12-16T14:28:56.312+0000][1][gc,age      ] GC(5) - age   4:     173464 bytes,    2046280 total
[2020-12-16T14:28:56.314+0000][1][gc,phases   ] GC(5)   Pre Evacuate Collection Set: 0.4ms
[2020-12-16T14:28:56.316+0000][1][gc,phases   ] GC(5)   Merge Heap Roots: 0.1ms
[2020-12-16T14:28:56.317+0000][1][gc,phases   ] GC(5)   Evacuate Collection Set: 13.2ms
[2020-12-16T14:28:56.318+0000][1][gc,phases   ] GC(5)   Post Evacuate Collection Set: 1.0ms
[2020-12-16T14:28:56.319+0000][1][gc,phases   ] GC(5)   Other: 10.6ms
[2020-12-16T14:28:56.320+0000][1][gc,heap     ] GC(5) Eden regions: 63->0(304)
[2020-12-16T14:28:56.325+0000][1][gc,heap     ] GC(5) Survivor regions: 2->3(39)
[2020-12-16T14:28:56.326+0000][1][gc,heap     ] GC(5) Old regions: 9->9
[2020-12-16T14:28:56.327+0000][1][gc,heap     ] GC(5) Archive regions: 2->2
[2020-12-16T14:28:56.328+0000][1][gc,heap     ] GC(5) Humongous regions: 1->1
[2020-12-16T14:28:56.329+0000][1][gc,metaspace] GC(5) Metaspace: 20772K(21296K)->20772K(21296K) NonClass: 18210K(18608K)->18210K(18608K) Class: 2561K(2688K)->2561K(2688K)
[2020-12-16T14:28:56.330+0000][1][gc          ] GC(5) Pause Young (Concurrent Start) (Metadata GC Threshold) 74M->12M(512M) 41.171ms
[2020-12-16T14:28:56.337+0000][1][gc,cpu      ] GC(5) User=0.06s Sys=0.00s Real=0.05s
[2020-12-16T14:28:56.339+0000][1][gc          ] GC(6) Concurrent Cycle
[2020-12-16T14:28:56.340+0000][1][gc,marking  ] GC(6) Concurrent Clear Claimed Marks
[2020-12-16T14:28:56.342+0000][1][gc,marking  ] GC(6) Concurrent Clear Claimed Marks 1.842ms
[2020-12-16T14:28:56.343+0000][1][gc,marking  ] GC(6) Concurrent Scan Root Regions
[2020-12-16T14:28:56.339+0000][1][safepoint   ] Safepoint "CollectForMetadataAllocation", Time since last: 774050900 ns, Reaching safepoint: 353000 ns, At safepoint: 50127200 ns, Total: 50480200 ns
[2020-12-16T14:28:56.353+0000][1][gc,marking  ] GC(6) Concurrent Scan Root Regions 9.551ms
[2020-12-16T14:28:56.355+0000][1][gc,marking  ] GC(6) Concurrent Mark (8.489s)
[2020-12-16T14:28:56.356+0000][1][gc,marking  ] GC(6) Concurrent Mark From Roots
[2020-12-16T14:28:56.357+0000][1][gc,task     ] GC(6) Using 1 workers of 1 for marking
[2020-12-16T14:28:56.390+0000][1][gc,marking  ] GC(6) Concurrent Mark From Roots 33.880ms
[2020-12-16T14:28:56.392+0000][1][gc,marking  ] GC(6) Concurrent Preclean
[2020-12-16T14:28:56.393+0000][1][gc,marking  ] GC(6) Concurrent Preclean 1.201ms
[2020-12-16T14:28:56.394+0000][1][gc,marking  ] GC(6) Concurrent Mark (8.489s, 8.529s) 39.423ms
[2020-12-16T14:28:56.396+0000][1][gc,start    ] GC(6) Pause Remark
[2020-12-16T14:28:56.402+0000][1][gc          ] GC(6) Pause Remark 13M->13M(512M) 6.144ms
[2020-12-16T14:28:56.403+0000][1][gc,cpu      ] GC(6) User=0.01s Sys=0.01s Real=0.01s
[2020-12-16T14:28:56.404+0000][1][safepoint   ] Safepoint "G1Concurrent", Time since last: 56156700 ns, Reaching safepoint: 414100 ns, At safepoint: 8413600 ns, Total: 8827700 ns
[2020-12-16T14:28:56.405+0000][1][gc,marking  ] GC(6) Concurrent Rebuild Remembered Sets
[2020-12-16T14:28:56.414+0000][1][gc,marking  ] GC(6) Concurrent Rebuild Remembered Sets 8.967ms
[2020-12-16T14:28:56.420+0000][1][gc,start    ] GC(6) Pause Cleanup
[2020-12-16T14:28:56.422+0000][1][gc          ] GC(6) Pause Cleanup 13M->13M(512M) 2.643ms
[2020-12-16T14:28:56.425+0000][1][gc,cpu      ] GC(6) User=0.00s Sys=0.00s Real=0.01s
[2020-12-16T14:28:56.429+0000][1][safepoint   ] Safepoint "G1Concurrent", Time since last: 13427500 ns, Reaching safepoint: 2352200 ns, At safepoint: 9065500 ns, Total: 11417700 ns
[2020-12-16T14:28:56.439+0000][1][gc,marking  ] GC(6) Concurrent Cleanup for Next Mark
[2020-12-16T14:28:56.465+0000][1][gc,marking  ] GC(6) Concurrent Cleanup for Next Mark 26.098ms
[2020-12-16T14:28:56.469+0000][1][gc          ] GC(6) Concurrent Cycle 129.748ms
[2020-12-16T14:28:57.344+0000][1][safepoint   ] Safepoint "ICBufferFull", Time since last: 914630900 ns, Reaching safepoint: 268800 ns, At safepoint: 29600 ns, Total: 298400 ns
[2020-12-16T14:28:57.355+0000][1][safepoint   ] Safepoint "ICBufferFull", Time since last: 11121200 ns, Reaching safepoint: 239000 ns, At safepoint: 8000 ns, Total: 247000 ns
[2020-12-16T14:28:57.368+0000][1][safepoint   ] Safepoint "ICBufferFull", Time since last: 13177900 ns, Reaching safepoint: 210300 ns, At safepoint: 7100 ns, Total: 217400 ns
[2020-12-16T14:28:57.383+0000][1][safepoint   ] Safepoint "ICBufferFull", Time since last: 14281600 ns, Reaching safepoint: 274100 ns, At safepoint: 38300 ns, Total: 312400 ns
[2020-12-16T14:28:57.402+0000][1][safepoint   ] Safepoint "ICBufferFull", Time since last: 18239400 ns, Reaching safepoint: 245200 ns, At safepoint: 7100 ns, Total: 252300 ns
[2020-12-16T14:28:57.412+0000][1][safepoint   ] Safepoint "ICBufferFull", Time since last: 10130300 ns, Reaching safepoint: 336100 ns, At safepoint: 9500 ns, Total: 345600 ns
[2020-12-16T14:28:57.427+0000][1][safepoint   ] Safepoint "ICBufferFull", Time since last: 14402300 ns, Reaching safepoint: 220400 ns, At safepoint: 6800 ns, Total: 227200 ns
[2020-12-16T14:28:57.436+0000][1][safepoint   ] Safepoint "ICBufferFull", Time since last: 9233100 ns, Reaching safepoint: 349100 ns, At safepoint: 69300 ns, Total: 418400 ns
[2020-12-16T14:28:57.449+0000][1][safepoint   ] Safepoint "ICBufferFull", Time since last: 12185300 ns, Reaching safepoint: 395900 ns, At safepoint: 25000 ns, Total: 420900 ns
[2020-12-16T14:28:57.463+0000][1][safepoint   ] Safepoint "ICBufferFull", Time since last: 13094000 ns, Reaching safepoint: 1375300 ns, At safepoint: 25200 ns, Total: 1400500 ns
[2020-12-16T14:28:57.476+0000][1][safepoint   ] Safepoint "ICBufferFull", Time since last: 12392500 ns, Reaching safepoint: 280400 ns, At safepoint: 45700 ns, Total: 326100 ns
[2020-12-16T14:28:57.492+0000][1][safepoint   ] Safepoint "ICBufferFull", Time since last: 16069800 ns, Reaching safepoint: 206900 ns, At safepoint: 6400 ns, Total: 213300 ns
[2020-12-16T14:28:57.518+0000][1][safepoint   ] Safepoint "ICBufferFull", Time since last: 16175300 ns, Reaching safepoint: 9476100 ns, At safepoint: 17500 ns, Total: 9493600 ns
[2020-12-16T14:28:57.557+0000][1][safepoint   ] Safepoint "ICBufferFull", Time since last: 38664500 ns, Reaching safepoint: 397300 ns, At safepoint: 10900 ns, Total: 408200 ns
[2020-12-16T14:28:57.572+0000][1][safepoint   ] Safepoint "ICBufferFull", Time since last: 15022500 ns, Reaching safepoint: 280900 ns, At safepoint: 9000 ns, Total: 289900 ns
[2020-12-16T14:28:57.584+0000][1][safepoint   ] Safepoint "ICBufferFull", Time since last: 11619200 ns, Reaching safepoint: 223200 ns, At safepoint: 8000 ns, Total: 231200 ns
[2020-12-16T14:28:57.595+0000][1][safepoint   ] Safepoint "ICBufferFull", Time since last: 10140500 ns, Reaching safepoint: 774100 ns, At safepoint: 32900 ns, Total: 807000 ns
[2020-12-16T14:28:57.609+0000][1][safepoint   ] Safepoint "ICBufferFull", Time since last: 13649900 ns, Reaching safepoint: 215100 ns, At safepoint: 5500 ns, Total: 220600 ns
[2020-12-16T14:28:57.628+0000][1][safepoint   ] Safepoint "ICBufferFull", Time since last: 18291200 ns, Reaching safepoint: 277800 ns, At safepoint: 12900 ns, Total: 290700 ns
[2020-12-16T14:28:57.656+0000][1][safepoint   ] Safepoint "ICBufferFull", Time since last: 25075500 ns, Reaching safepoint: 2888500 ns, At safepoint: 8400 ns, Total: 2896900 ns
[2020-12-16T14:28:57.662+0000][1][safepoint   ] Safepoint "ICBufferFull", Time since last: 6092400 ns, Reaching safepoint: 560200 ns, At safepoint: 8400 ns, Total: 568600 ns
[2020-12-16T14:28:57.667+0000][1][safepoint   ] Safepoint "ICBufferFull", Time since last: 4722600 ns, Reaching safepoint: 313100 ns, At safepoint: 9200 ns, Total: 322300 ns
[2020-12-16T14:28:57.672+0000][1][safepoint   ] Safepoint "ICBufferFull", Time since last: 4231500 ns, Reaching safepoint: 191800 ns, At safepoint: 6800 ns, Total: 198600 ns
[2020-12-16T14:28:57.675+0000][1][safepoint   ] Safepoint "ICBufferFull", Time since last: 3479100 ns, Reaching safepoint: 190400 ns, At safepoint: 5500 ns, Total: 195900 ns
[2020-12-16T14:28:57.680+0000][1][safepoint   ] Safepoint "ICBufferFull", Time since last: 2888700 ns, Reaching safepoint: 1612200 ns, At safepoint: 21500 ns, Total: 1633700 ns
[2020-12-16T14:28:57.685+0000][1][safepoint   ] Safepoint "ICBufferFull", Time since last: 4478000 ns, Reaching safepoint: 282900 ns, At safepoint: 7500 ns, Total: 290400 ns
[2020-12-16T14:28:57.688+0000][1][safepoint   ] Safepoint "ICBufferFull", Time since last: 2848500 ns, Reaching safepoint: 182400 ns, At safepoint: 5500 ns, Total: 187900 ns
[2020-12-16T14:28:57.691+0000][1][safepoint   ] Safepoint "ICBufferFull", Time since last: 2734200 ns, Reaching safepoint: 173000 ns, At safepoint: 5900 ns, Total: 178900 ns
[2020-12-16T14:28:57.694+0000][1][safepoint   ] Safepoint "ICBufferFull", Time since last: 2814700 ns, Reaching safepoint: 207500 ns, At safepoint: 8200 ns, Total: 215700 ns
[2020-12-16T14:28:57.697+0000][1][safepoint   ] Safepoint "ICBufferFull", Time since last: 2869700 ns, Reaching safepoint: 349400 ns, At safepoint: 8800 ns, Total: 358200 ns
[2020-12-16T14:28:57.709+0000][1][safepoint   ] Safepoint "ICBufferFull", Time since last: 12108500 ns, Reaching safepoint: 189900 ns, At safepoint: 6600 ns, Total: 196500 ns
[2020-12-16T14:28:57.713+0000][1][safepoint   ] Safepoint "ICBufferFull", Time since last: 3879700 ns, Reaching safepoint: 104100 ns, At safepoint: 22300 ns, Total: 126400 ns
[2020-12-16T14:28:57.719+0000][1][safepoint   ] Safepoint "ICBufferFull", Time since last: 5645400 ns, Reaching safepoint: 275000 ns, At safepoint: 6700 ns, Total: 281700 ns
[2020-12-16T14:28:57.722+0000][1][safepoint   ] Safepoint "ICBufferFull", Time since last: 2981100 ns, Reaching safepoint: 128600 ns, At safepoint: 22900 ns, Total: 151500 ns
[2020-12-16T14:28:57.727+0000][1][safepoint   ] Safepoint "ICBufferFull", Time since last: 4219000 ns, Reaching safepoint: 231900 ns, At safepoint: 5000 ns, Total: 236900 ns
[2020-12-16T14:28:57.730+0000][1][safepoint   ] Safepoint "ICBufferFull", Time since last: 3138600 ns, Reaching safepoint: 216800 ns, At safepoint: 5900 ns, Total: 222700 ns
[2020-12-16T14:28:57.735+0000][1][safepoint   ] Safepoint "ICBufferFull", Time since last: 4245500 ns, Reaching safepoint: 105500 ns, At safepoint: 21500 ns, Total: 127000 ns
[2020-12-16T14:28:57.748+0000][1][safepoint   ] Safepoint "ICBufferFull", Time since last: 12770300 ns, Reaching safepoint: 269000 ns, At safepoint: 7900 ns, Total: 276900 ns
[2020-12-16T14:28:57.765+0000][1][safepoint   ] Safepoint "ICBufferFull", Time since last: 14030100 ns, Reaching safepoint: 3375000 ns, At safepoint: 7400 ns, Total: 3382400 ns
[2020-12-16T14:28:57.777+0000][1][safepoint   ] Safepoint "ICBufferFull", Time since last: 11647800 ns, Reaching safepoint: 412500 ns, At safepoint: 7200 ns, Total: 419700 ns
[2020-12-16T14:28:57.784+0000][1][safepoint   ] Safepoint "ICBufferFull", Time since last: 6230000 ns, Reaching safepoint: 212200 ns, At safepoint: 7200 ns, Total: 219400 ns
[2020-12-16T14:28:58.601+0000][1][safepoint   ] Safepoint "ICBufferFull", Time since last: 816675000 ns, Reaching safepoint: 560000 ns, At safepoint: 33300 ns, Total: 593300 ns
[2020-12-16T14:28:58.605+0000][1][safepoint   ] Safepoint "ICBufferFull", Time since last: 3744200 ns, Reaching safepoint: 183500 ns, At safepoint: 10100 ns, Total: 193600 ns
[2020-12-16T14:28:58.608+0000][1][safepoint   ] Safepoint "ICBufferFull", Time since last: 2840600 ns, Reaching safepoint: 242300 ns, At safepoint: 38300 ns, Total: 280600 ns
[2020-12-16T14:28:58.616+0000][1][safepoint   ] Safepoint "ICBufferFull", Time since last: 6303900 ns, Reaching safepoint: 2151400 ns, At safepoint: 16200 ns, Total: 2167600 ns
[2020-12-16T14:28:58.620+0000][1][safepoint   ] Safepoint "ICBufferFull", Time since last: 2692900 ns, Reaching safepoint: 655700 ns, At safepoint: 15800 ns, Total: 671500 ns
[2020-12-16T14:28:58.623+0000][1][safepoint   ] Safepoint "ICBufferFull", Time since last: 3100400 ns, Reaching safepoint: 461400 ns, At safepoint: 10900 ns, Total: 472300 ns
[2020-12-16T14:28:58.628+0000][1][safepoint   ] Safepoint "ICBufferFull", Time since last: 4399700 ns, Reaching safepoint: 104000 ns, At safepoint: 32300 ns, Total: 136300 ns
[2020-12-16T14:28:58.635+0000][1][safepoint   ] Safepoint "ICBufferFull", Time since last: 6961700 ns, Reaching safepoint: 209100 ns, At safepoint: 7300 ns, Total: 216400 ns
[2020-12-16T14:28:58.638+0000][1][safepoint   ] Safepoint "ICBufferFull", Time since last: 2920500 ns, Reaching safepoint: 100500 ns, At safepoint: 4700 ns, Total: 105200 ns
[2020-12-16T14:28:58.642+0000][1][safepoint   ] Safepoint "ICBufferFull", Time since last: 3101200 ns, Reaching safepoint: 1334400 ns, At safepoint: 18900 ns, Total: 1353300 ns
[2020-12-16T14:28:58.647+0000][1][safepoint   ] Safepoint "ICBufferFull", Time since last: 4428700 ns, Reaching safepoint: 205100 ns, At safepoint: 5200 ns, Total: 210300 ns
[2020-12-16T14:28:58.651+0000][1][safepoint   ] Safepoint "ICBufferFull", Time since last: 4053900 ns, Reaching safepoint: 186900 ns, At safepoint: 6600 ns, Total: 193500 ns
[2020-12-16T14:28:58.655+0000][1][safepoint   ] Safepoint "ICBufferFull", Time since last: 3205200 ns, Reaching safepoint: 165600 ns, At safepoint: 6500 ns, Total: 172100 ns
[2020-12-16T14:28:58.658+0000][1][safepoint   ] Safepoint "ICBufferFull", Time since last: 2585700 ns, Reaching safepoint: 307000 ns, At safepoint: 6800 ns, Total: 313800 ns
[2020-12-16T14:28:58.660+0000][1][safepoint   ] Safepoint "ICBufferFull", Time since last: 2570800 ns, Reaching safepoint: 181200 ns, At safepoint: 7100 ns, Total: 188300 ns
[2020-12-16T14:28:58.666+0000][1][safepoint   ] Safepoint "ICBufferFull", Time since last: 5487500 ns, Reaching safepoint: 322600 ns, At safepoint: 7700 ns, Total: 330300 ns
[2020-12-16T14:28:58.670+0000][1][safepoint   ] Safepoint "ICBufferFull", Time since last: 3178400 ns, Reaching safepoint: 177700 ns, At safepoint: 6900 ns, Total: 184600 ns
[2020-12-16T14:28:58.673+0000][1][safepoint   ] Safepoint "ICBufferFull", Time since last: 3407400 ns, Reaching safepoint: 166400 ns, At safepoint: 5100 ns, Total: 171500 ns
[2020-12-16T14:28:58.678+0000][1][safepoint   ] Safepoint "ICBufferFull", Time since last: 4068100 ns, Reaching safepoint: 338900 ns, At safepoint: 8100 ns, Total: 347000 ns
[2020-12-16T14:28:58.689+0000][1][safepoint   ] Safepoint "ICBufferFull", Time since last: 11220400 ns, Reaching safepoint: 240100 ns, At safepoint: 8300 ns, Total: 248400 ns
[2020-12-16T14:28:58.932+0000][1][safepoint   ] Safepoint "ICBufferFull", Time since last: 242995500 ns, Reaching safepoint: 216000 ns, At safepoint: 5100 ns, Total: 221100 ns
[2020-12-16T14:28:59.942+0000][1][safepoint   ] Safepoint "Cleanup", Time since last: 1009143600 ns, Reaching safepoint: 360500 ns, At safepoint: 12200 ns, Total: 372700 ns
[2020-12-16T14:29:00.869+0000][1][gc,start    ] GC(7) Pause Young (Concurrent Start) (Metadata GC Threshold)
[2020-12-16T14:29:00.870+0000][1][gc,task     ] GC(7) Using 2 workers of 2 for evacuation
[2020-12-16T14:29:00.871+0000][1][gc,age      ] GC(7) Desired survivor size 20447232 bytes, new threshold 15 (max threshold 15)
[2020-12-16T14:29:00.897+0000][1][gc,age      ] GC(7) Age table with threshold 15 (max threshold 15)
[2020-12-16T14:29:00.899+0000][1][gc,age      ] GC(7) - age   1:    5483440 bytes,    5483440 total
[2020-12-16T14:29:00.900+0000][1][gc,age      ] GC(7) - age   2:    1646864 bytes,    7130304 total
[2020-12-16T14:29:00.901+0000][1][gc,age      ] GC(7) - age   3:      27128 bytes,    7157432 total
[2020-12-16T14:29:00.902+0000][1][gc,age      ] GC(7) - age   4:      70688 bytes,    7228120 total
[2020-12-16T14:29:00.903+0000][1][gc,age      ] GC(7) - age   5:     170776 bytes,    7398896 total
[2020-12-16T14:29:00.905+0000][1][gc,phases   ] GC(7)   Pre Evacuate Collection Set: 0.4ms
[2020-12-16T14:29:00.906+0000][1][gc,phases   ] GC(7)   Merge Heap Roots: 0.2ms
[2020-12-16T14:29:00.907+0000][1][gc,phases   ] GC(7)   Evacuate Collection Set: 20.0ms
[2020-12-16T14:29:00.908+0000][1][gc,phases   ] GC(7)   Post Evacuate Collection Set: 3.7ms
[2020-12-16T14:29:00.909+0000][1][gc,phases   ] GC(7)   Other: 11.5ms
[2020-12-16T14:29:00.910+0000][1][gc,heap     ] GC(7) Eden regions: 118->0(299)
[2020-12-16T14:29:00.911+0000][1][gc,heap     ] GC(7) Survivor regions: 3->8(39)
[2020-12-16T14:29:00.913+0000][1][gc,heap     ] GC(7) Old regions: 9->9
[2020-12-16T14:29:00.914+0000][1][gc,heap     ] GC(7) Archive regions: 2->2
[2020-12-16T14:29:00.915+0000][1][gc,heap     ] GC(7) Humongous regions: 2->1
[2020-12-16T14:29:00.917+0000][1][gc,metaspace] GC(7) Metaspace: 35055K(36048K)->35055K(36048K) NonClass: 30496K(31232K)->30496K(31232K) Class: 4558K(4816K)->4558K(4816K)
[2020-12-16T14:29:00.918+0000][1][gc          ] GC(7) Pause Young (Concurrent Start) (Metadata GC Threshold) 131M->17M(512M) 49.283ms
[2020-12-16T14:29:00.919+0000][1][gc,cpu      ] GC(7) User=0.04s Sys=0.00s Real=0.05s
[2020-12-16T14:29:00.920+0000][1][gc          ] GC(8) Concurrent Cycle
[2020-12-16T14:29:00.923+0000][1][gc,marking  ] GC(8) Concurrent Clear Claimed Marks
[2020-12-16T14:29:00.924+0000][1][gc,marking  ] GC(8) Concurrent Clear Claimed Marks 1.060ms
[2020-12-16T14:29:00.928+0000][1][gc,marking  ] GC(8) Concurrent Scan Root Regions
[2020-12-16T14:29:00.923+0000][1][safepoint   ] Safepoint "CollectForMetadataAllocation", Time since last: 926715400 ns, Reaching safepoint: 377100 ns, At safepoint: 53835900 ns, Total: 54213000 ns
[2020-12-16T14:29:00.955+0000][1][gc,marking  ] GC(8) Concurrent Scan Root Regions 26.668ms
[2020-12-16T14:29:00.957+0000][1][gc,marking  ] GC(8) Concurrent Mark (13.091s)
[2020-12-16T14:29:00.958+0000][1][gc,marking  ] GC(8) Concurrent Mark From Roots
[2020-12-16T14:29:00.959+0000][1][gc,task     ] GC(8) Using 1 workers of 1 for marking
[2020-12-16T14:29:00.987+0000][1][gc,marking  ] GC(8) Concurrent Mark From Roots 28.994ms
[2020-12-16T14:29:00.988+0000][1][gc,marking  ] GC(8) Concurrent Preclean
[2020-12-16T14:29:00.989+0000][1][gc,marking  ] GC(8) Concurrent Preclean 0.855ms
[2020-12-16T14:29:00.990+0000][1][gc,marking  ] GC(8) Concurrent Mark (13.091s, 13.125s) 33.793ms
[2020-12-16T14:29:00.994+0000][1][gc,start    ] GC(8) Pause Remark
[2020-12-16T14:29:01.004+0000][1][gc          ] GC(8) Pause Remark 18M->18M(512M) 9.891ms
[2020-12-16T14:29:01.005+0000][1][gc,cpu      ] GC(8) User=0.02s Sys=0.00s Real=0.01s
[2020-12-16T14:29:01.012+0000][1][safepoint   ] Safepoint "G1Concurrent", Time since last: 68684700 ns, Reaching safepoint: 2417100 ns, At safepoint: 17956300 ns, Total: 20373400 ns
[2020-12-16T14:29:01.016+0000][1][gc,marking  ] GC(8) Concurrent Rebuild Remembered Sets
[2020-12-16T14:29:01.028+0000][1][gc,marking  ] GC(8) Concurrent Rebuild Remembered Sets 11.462ms
[2020-12-16T14:29:01.033+0000][1][gc,start    ] GC(8) Pause Cleanup
[2020-12-16T14:29:01.034+0000][1][gc          ] GC(8) Pause Cleanup 18M->18M(512M) 1.282ms
[2020-12-16T14:29:01.035+0000][1][gc,cpu      ] GC(8) User=0.00s Sys=0.00s Real=0.00s
[2020-12-16T14:29:01.036+0000][1][safepoint   ] Safepoint "G1Concurrent", Time since last: 19960900 ns, Reaching safepoint: 898300 ns, At safepoint: 3251100 ns, Total: 4149400 ns
[2020-12-16T14:29:01.037+0000][1][gc,marking  ] GC(8) Concurrent Cleanup for Next Mark
[2020-12-16T14:29:01.050+0000][1][gc,marking  ] GC(8) Concurrent Cleanup for Next Mark 13.258ms
[2020-12-16T14:29:01.052+0000][1][gc          ] GC(8) Concurrent Cycle 131.214ms
[2020-12-16T14:29:02.038+0000][1][safepoint   ] Safepoint "Cleanup", Time since last: 1000908600 ns, Reaching safepoint: 1523600 ns, At safepoint: 97600 ns, Total: 1621200 ns
[2020-12-16T14:29:03.046+0000][1][safepoint   ] Safepoint "Cleanup", Time since last: 1007415300 ns, Reaching safepoint: 288500 ns, At safepoint: 4700 ns, Total: 293200 ns
[2020-12-16T14:29:04.846+0000][1][safepoint   ] Safepoint "Cleanup", Time since last: 1797497000 ns, Reaching safepoint: 2561400 ns, At safepoint: 10700 ns, Total: 2572100 ns
[2020-12-16T14:29:05.497+0000][1][safepoint   ] Safepoint "ICBufferFull", Time since last: 650186400 ns, Reaching safepoint: 198200 ns, At safepoint: 5900 ns, Total: 204100 ns
[2020-12-16T14:29:06.513+0000][1][safepoint   ] Safepoint "Cleanup", Time since last: 1000496800 ns, Reaching safepoint: 16229800 ns, At safepoint: 16000 ns, Total: 16245800 ns
[2020-12-16T14:29:07.724+0000][1][safepoint   ] Safepoint "Cleanup", Time since last: 1208807400 ns, Reaching safepoint: 1393200 ns, At safepoint: 37100 ns, Total: 1430300 ns
[2020-12-16T14:29:08.371+0000][1][gc,start    ] GC(9) Pause Young (Concurrent Start) (Metadata GC Threshold)
[2020-12-16T14:29:08.372+0000][1][gc,task     ] GC(9) Using 2 workers of 2 for evacuation
[2020-12-16T14:29:08.374+0000][1][gc,age      ] GC(9) Desired survivor size 20447232 bytes, new threshold 15 (max threshold 15)
[2020-12-16T14:29:08.437+0000][1][gc,age      ] GC(9) Age table with threshold 15 (max threshold 15)
[2020-12-16T14:29:08.438+0000][1][gc,age      ] GC(9) - age   1:    8515872 bytes,    8515872 total
[2020-12-16T14:29:08.439+0000][1][gc,age      ] GC(9) - age   2:    5223080 bytes,   13738952 total
[2020-12-16T14:29:08.440+0000][1][gc,age      ] GC(9) - age   3:    1624896 bytes,   15363848 total
[2020-12-16T14:29:08.442+0000][1][gc,age      ] GC(9) - age   4:      26776 bytes,   15390624 total
[2020-12-16T14:29:08.445+0000][1][gc,age      ] GC(9) - age   5:      67136 bytes,   15457760 total
[2020-12-16T14:29:08.446+0000][1][gc,age      ] GC(9) - age   6:     164848 bytes,   15622608 total
[2020-12-16T14:29:08.447+0000][1][gc,phases   ] GC(9)   Pre Evacuate Collection Set: 0.3ms
[2020-12-16T14:29:08.448+0000][1][gc,phases   ] GC(9)   Merge Heap Roots: 0.2ms
[2020-12-16T14:29:08.451+0000][1][gc,phases   ] GC(9)   Evacuate Collection Set: 57.0ms
[2020-12-16T14:29:08.452+0000][1][gc,phases   ] GC(9)   Post Evacuate Collection Set: 4.1ms
[2020-12-16T14:29:08.453+0000][1][gc,phases   ] GC(9)   Other: 14.8ms
[2020-12-16T14:29:08.455+0000][1][gc,heap     ] GC(9) Eden regions: 108->0(239)
[2020-12-16T14:29:08.456+0000][1][gc,heap     ] GC(9) Survivor regions: 8->16(39)
[2020-12-16T14:29:08.457+0000][1][gc,heap     ] GC(9) Old regions: 9->9
[2020-12-16T14:29:08.458+0000][1][gc,heap     ] GC(9) Archive regions: 2->2
[2020-12-16T14:29:08.459+0000][1][gc,heap     ] GC(9) Humongous regions: 1->1
[2020-12-16T14:29:08.461+0000][1][gc,metaspace] GC(9) Metaspace: 58893K(60496K)->58893K(60496K) NonClass: 50931K(52224K)->50931K(52224K) Class: 7962K(8272K)->7962K(8272K)
[2020-12-16T14:29:08.463+0000][1][gc          ] GC(9) Pause Young (Concurrent Start) (Metadata GC Threshold) 125M->25M(512M) 91.551ms
[2020-12-16T14:29:08.464+0000][1][gc,cpu      ] GC(9) User=0.08s Sys=0.00s Real=0.09s
[2020-12-16T14:29:08.465+0000][1][gc          ] GC(10) Concurrent Cycle
[2020-12-16T14:29:08.467+0000][1][gc,marking  ] GC(10) Concurrent Clear Claimed Marks
[2020-12-16T14:29:08.471+0000][1][gc,marking  ] GC(10) Concurrent Clear Claimed Marks 3.701ms
[2020-12-16T14:29:08.472+0000][1][gc,marking  ] GC(10) Concurrent Scan Root Regions
[2020-12-16T14:29:08.466+0000][1][safepoint   ] Safepoint "CollectForMetadataAllocation", Time since last: 646258800 ns, Reaching safepoint: 1163800 ns, At safepoint: 95278100 ns, Total: 96441900 ns
[2020-12-16T14:29:08.481+0000][1][safepoint   ] Safepoint "CollectForMetadataAllocation", Time since last: 14753700 ns, Reaching safepoint: 225000 ns, At safepoint: 13600 ns, Total: 238600 ns
[2020-12-16T14:29:08.565+0000][1][gc,marking  ] GC(10) Concurrent Scan Root Regions 92.565ms
[2020-12-16T14:29:08.566+0000][1][gc,marking  ] GC(10) Concurrent Mark (20.700s)
[2020-12-16T14:29:08.567+0000][1][gc,marking  ] GC(10) Concurrent Mark From Roots
[2020-12-16T14:29:08.568+0000][1][gc,task     ] GC(10) Using 1 workers of 1 for marking
[2020-12-16T14:29:08.597+0000][1][safepoint   ] Safepoint "CollectForMetadataAllocation", Time since last: 112994500 ns, Reaching safepoint: 2623200 ns, At safepoint: 110300 ns, Total: 2733500 ns
[2020-12-16T14:29:08.599+0000][1][safepoint   ] Safepoint "CollectForMetadataAllocation", Time since last: 1304600 ns, Reaching safepoint: 645700 ns, At safepoint: 24200 ns, Total: 669900 ns
[2020-12-16T14:29:08.604+0000][1][gc,marking  ] GC(10) Concurrent Mark From Roots 37.287ms
[2020-12-16T14:29:08.606+0000][1][gc,marking  ] GC(10) Concurrent Preclean
[2020-12-16T14:29:08.608+0000][1][gc,marking  ] GC(10) Concurrent Preclean 1.423ms
[2020-12-16T14:29:08.609+0000][1][gc,marking  ] GC(10) Concurrent Mark (20.700s, 20.743s) 42.814ms
[2020-12-16T14:29:08.612+0000][1][gc,start    ] GC(10) Pause Remark
[2020-12-16T14:29:08.620+0000][1][gc          ] GC(10) Pause Remark 27M->27M(512M) 7.356ms
[2020-12-16T14:29:08.621+0000][1][gc,cpu      ] GC(10) User=0.02s Sys=0.00s Real=0.00s
[2020-12-16T14:29:08.622+0000][1][safepoint   ] Safepoint "G1Concurrent", Time since last: 12932700 ns, Reaching safepoint: 371300 ns, At safepoint: 10037200 ns, Total: 10408500 ns
[2020-12-16T14:29:08.623+0000][1][gc,marking  ] GC(10) Concurrent Rebuild Remembered Sets
[2020-12-16T14:29:08.636+0000][1][gc,marking  ] GC(10) Concurrent Rebuild Remembered Sets 12.739ms
[2020-12-16T14:29:08.641+0000][1][gc,start    ] GC(10) Pause Cleanup
[2020-12-16T14:29:08.648+0000][1][gc          ] GC(10) Pause Cleanup 27M->27M(512M) 6.537ms
[2020-12-16T14:29:08.649+0000][1][gc,cpu      ] GC(10) User=0.00s Sys=0.00s Real=0.00s
[2020-12-16T14:29:08.651+0000][1][safepoint   ] Safepoint "G1Concurrent", Time since last: 16045800 ns, Reaching safepoint: 2698900 ns, At safepoint: 10415800 ns, Total: 13114700 ns
[2020-12-16T14:29:08.654+0000][1][gc,marking  ] GC(10) Concurrent Cleanup for Next Mark
[2020-12-16T14:29:08.658+0000][1][gc,marking  ] GC(10) Concurrent Cleanup for Next Mark 3.854ms
[2020-12-16T14:29:08.662+0000][1][gc          ] GC(10) Concurrent Cycle 197.103ms
[2020-12-16T14:29:09.672+0000][1][safepoint   ] Safepoint "Cleanup", Time since last: 1018050800 ns, Reaching safepoint: 2437300 ns, At safepoint: 75600 ns, Total: 2512900 ns
[2020-12-16T14:29:10.687+0000][1][safepoint   ] Safepoint "Cleanup", Time since last: 1010884100 ns, Reaching safepoint: 4128300 ns, At safepoint: 34800 ns, Total: 4163100 ns
[2020-12-16T14:29:11.544+0000][1][safepoint   ] Safepoint "ICBufferFull", Time since last: 854241700 ns, Reaching safepoint: 467200 ns, At safepoint: 2404000 ns, Total: 2871200 ns
[2020-12-16T14:29:12.481+0000][1][safepoint   ] Safepoint "ICBufferFull", Time since last: 936146000 ns, Reaching safepoint: 312900 ns, At safepoint: 10700 ns, Total: 323600 ns
[2020-12-16T14:29:13.507+0000][1][safepoint   ] Safepoint "Cleanup", Time since last: 1025847600 ns, Reaching safepoint: 415200 ns, At safepoint: 50600 ns, Total: 465800 ns
[2020-12-16T14:29:14.519+0000][1][safepoint   ] Safepoint "Cleanup", Time since last: 1011493700 ns, Reaching safepoint: 707500 ns, At safepoint: 15300 ns, Total: 722800 ns
[2020-12-16T14:29:15.518+0000][1][safepoint   ] Safepoint "ICBufferFull", Time since last: 998324500 ns, Reaching safepoint: 315300 ns, At safepoint: 9400 ns, Total: 324700 ns
[2020-12-16T14:29:16.523+0000][1][safepoint   ] Safepoint "Cleanup", Time since last: 1004701400 ns, Reaching safepoint: 166900 ns, At safepoint: 12700 ns, Total: 179600 ns
[2020-12-16T14:29:17.528+0000][1][safepoint   ] Safepoint "Cleanup", Time since last: 1005162800 ns, Reaching safepoint: 109100 ns, At safepoint: 3500 ns, Total: 112600 ns
[2020-12-16T14:29:19.530+0000][1][safepoint   ] Safepoint "Cleanup", Time since last: 2001275200 ns, Reaching safepoint: 428800 ns, At safepoint: 49700 ns, Total: 478500 ns
[2020-12-16T14:29:20.532+0000][1][safepoint   ] Safepoint "Cleanup", Time since last: 1001634200 ns, Reaching safepoint: 195100 ns, At safepoint: 3100 ns, Total: 198200 ns
[2020-12-16T14:29:21.533+0000][1][safepoint   ] Safepoint "Cleanup", Time since last: 1001171900 ns, Reaching safepoint: 174500 ns, At safepoint: 8800 ns, Total: 183300 ns
[2020-12-16T14:29:22.534+0000][1][safepoint   ] Safepoint "Cleanup", Time since last: 1001356700 ns, Reaching safepoint: 201100 ns, At safepoint: 17300 ns, Total: 218400 ns
[2020-12-16T14:29:24.536+0000][1][safepoint   ] Safepoint "Cleanup", Time since last: 2001631200 ns, Reaching safepoint: 249400 ns, At safepoint: 44700 ns, Total: 294100 ns
[2020-12-16T14:29:26.538+0000][1][safepoint   ] Safepoint "Cleanup", Time since last: 2001661700 ns, Reaching safepoint: 260400 ns, At safepoint: 60100 ns, Total: 320500 ns
[2020-12-16T14:29:29.542+0000][1][safepoint   ] Safepoint "Cleanup", Time since last: 3002206200 ns, Reaching safepoint: 947800 ns, At safepoint: 35300 ns, Total: 983100 ns
[2020-12-16T14:29:31.545+0000][1][safepoint   ] Safepoint "Cleanup", Time since last: 2003165400 ns, Reaching safepoint: 152400 ns, At safepoint: 3700 ns, Total: 156100 ns
[2020-12-16T14:29:33.551+0000][1][safepoint   ] Safepoint "Cleanup", Time since last: 2005610700 ns, Reaching safepoint: 173600 ns, At safepoint: 10300 ns, Total: 183900 ns
[2020-12-16T14:29:34.565+0000][1][safepoint   ] Safepoint "Cleanup", Time since last: 1002918300 ns, Reaching safepoint: 10324900 ns, At safepoint: 26400 ns, Total: 10351300 ns
[2020-12-16T14:29:35.597+0000][1][safepoint   ] Safepoint "Cleanup", Time since last: 1031833900 ns, Reaching safepoint: 432600 ns, At safepoint: 29200 ns, Total: 461800 ns
[2020-12-16T14:29:37.598+0000][1][safepoint   ] Safepoint "Cleanup", Time since last: 2001365600 ns, Reaching safepoint: 151300 ns, At safepoint: 3400 ns, Total: 154700 ns
[2020-12-16T14:29:39.600+0000][1][safepoint   ] Safepoint "Cleanup", Time since last: 2001099900 ns, Reaching safepoint: 490200 ns, At safepoint: 8400 ns, Total: 498600 ns
[2020-12-16T14:29:40.603+0000][1][safepoint   ] Safepoint "Cleanup", Time since last: 1002531700 ns, Reaching safepoint: 599900 ns, At safepoint: 61000 ns, Total: 660900 ns
[2020-12-16T14:29:42.606+0000][1][safepoint   ] Safepoint "Cleanup", Time since last: 2002880800 ns, Reaching safepoint: 182800 ns, At safepoint: 43700 ns, Total: 226500 ns
[2020-12-16T14:29:43.608+0000][1][safepoint   ] Safepoint "Cleanup", Time since last: 1001169500 ns, Reaching safepoint: 211900 ns, At safepoint: 6100 ns, Total: 218000 ns
[2020-12-16T14:29:44.610+0000][1][safepoint   ] Safepoint "Cleanup", Time since last: 1001727300 ns, Reaching safepoint: 649700 ns, At safepoint: 9100 ns, Total: 658800 ns
[2020-12-16T14:29:45.616+0000][1][safepoint   ] Safepoint "Cleanup", Time since last: 1005322500 ns, Reaching safepoint: 188800 ns, At safepoint: 45900 ns, Total: 234700 ns
[2020-12-16T14:29:46.617+0000][1][safepoint   ] Safepoint "Cleanup", Time since last: 1001155600 ns, Reaching safepoint: 190100 ns, At safepoint: 5700 ns, Total: 195800 ns
[2020-12-16T14:29:49.620+0000][1][safepoint   ] Safepoint "Cleanup", Time since last: 3002334600 ns, Reaching safepoint: 385200 ns, At safepoint: 10100 ns, Total: 395300 ns
[2020-12-16T14:29:54.622+0000][1][safepoint   ] Safepoint "Cleanup", Time since last: 5002202500 ns, Reaching safepoint: 285200 ns, At safepoint: 65800 ns, Total: 351000 ns
[2020-12-16T14:29:58.624+0000][1][safepoint   ] Safepoint "Cleanup", Time since last: 4001942000 ns, Reaching safepoint: 177700 ns, At safepoint: 6100 ns, Total: 183800 ns
[2020-12-16T14:29:59.626+0000][1][safepoint   ] Safepoint "Cleanup", Time since last: 1001315400 ns, Reaching safepoint: 188900 ns, At safepoint: 2900 ns, Total: 191800 ns
[2020-12-16T14:30:01.627+0000][1][safepoint   ] Safepoint "Cleanup", Time since last: 2001210300 ns, Reaching safepoint: 179600 ns, At safepoint: 5600 ns, Total: 185200 ns
[2020-12-16T14:30:03.629+0000][1][safepoint   ] Safepoint "Cleanup", Time since last: 2001350400 ns, Reaching safepoint: 455800 ns, At safepoint: 7400 ns, Total: 463200 ns
[2020-12-16T14:30:04.631+0000][1][safepoint   ] Safepoint "Cleanup", Time since last: 1001856000 ns, Reaching safepoint: 275500 ns, At safepoint: 25800 ns, Total: 301300 ns
[2020-12-16T14:30:05.633+0000][1][safepoint   ] Safepoint "Cleanup", Time since last: 1001379600 ns, Reaching safepoint: 211200 ns, At safepoint: 40600 ns, Total: 251800 ns
[2020-12-16T14:30:06.652+0000][1][safepoint   ] Safepoint "Cleanup", Time since last: 1019335900 ns, Reaching safepoint: 162200 ns, At safepoint: 2800 ns, Total: 165000 ns
[2020-12-16T14:30:07.654+0000][1][safepoint   ] Safepoint "Cleanup", Time since last: 1001484800 ns, Reaching safepoint: 198100 ns, At safepoint: 6000 ns, Total: 204100 ns
[2020-12-16T14:30:08.656+0000][1][safepoint   ] Safepoint "Cleanup", Time since last: 1002121700 ns, Reaching safepoint: 164200 ns, At safepoint: 2900 ns, Total: 167100 ns
[2020-12-16T14:30:10.658+0000][1][safepoint   ] Safepoint "Cleanup", Time since last: 2001364900 ns, Reaching safepoint: 314500 ns, At safepoint: 58300 ns, Total: 372800 ns
[2020-12-16T14:30:15.661+0000][1][safepoint   ] Safepoint "Cleanup", Time since last: 5002311000 ns, Reaching safepoint: 367700 ns, At safepoint: 63100 ns, Total: 430800 ns
[2020-12-16T14:30:17.663+0000][1][safepoint   ] Safepoint "Cleanup", Time since last: 2001835700 ns, Reaching safepoint: 181400 ns, At safepoint: 39700 ns, Total: 221100 ns
[2020-12-16T14:30:20.665+0000][1][safepoint   ] Safepoint "Cleanup", Time since last: 3001583100 ns, Reaching safepoint: 258100 ns, At safepoint: 20000 ns, Total: 278100 ns
[2020-12-16T14:30:22.666+0000][1][safepoint   ] Safepoint "Cleanup", Time since last: 2001252300 ns, Reaching safepoint: 190200 ns, At safepoint: 2400 ns, Total: 192600 ns
[2020-12-16T14:30:25.668+0000][1][safepoint   ] Safepoint "Cleanup", Time since last: 3001568400 ns, Reaching safepoint: 319400 ns, At safepoint: 11000 ns, Total: 330400 ns
[2020-12-16T14:30:30.670+0000][1][safepoint   ] Safepoint "Cleanup", Time since last: 5002260900 ns, Reaching safepoint: 338200 ns, At safepoint: 52700 ns, Total: 390900 ns
[2020-12-16T14:30:31.672+0000][1][safepoint   ] Safepoint "Cleanup", Time since last: 1001519100 ns, Reaching safepoint: 191000 ns, At safepoint: 3900 ns, Total: 194900 ns
[2020-12-16T14:30:32.673+0000][1][safepoint   ] Safepoint "Cleanup", Time since last: 1001496000 ns, Reaching safepoint: 179000 ns, At safepoint: 3800 ns, Total: 182800 ns
[2020-12-16T14:30:35.675+0000][1][safepoint   ] Safepoint "Cleanup", Time since last: 3001772100 ns, Reaching safepoint: 210600 ns, At safepoint: 6200 ns, Total: 216800 ns
[2020-12-16T14:30:37.677+0000][1][safepoint   ] Safepoint "Cleanup", Time since last: 2001596100 ns, Reaching safepoint: 180000 ns, At safepoint: 4700 ns, Total: 184700 ns
[2020-12-16T14:30:38.679+0000][1][safepoint   ] Safepoint "Cleanup", Time since last: 1001307500 ns, Reaching safepoint: 181300 ns, At safepoint: 40700 ns, Total: 222000 ns
[2020-12-16T14:30:40.680+0000][1][safepoint   ] Safepoint "Cleanup", Time since last: 2001244700 ns, Reaching safepoint: 236900 ns, At safepoint: 22300 ns, Total: 259200 ns
[2020-12-16T14:30:41.682+0000][1][safepoint   ] Safepoint "Cleanup", Time since last: 1001246700 ns, Reaching safepoint: 155300 ns, At safepoint: 5900 ns, Total: 161200 ns
[2020-12-16T14:30:42.683+0000][1][safepoint   ] Safepoint "Cleanup", Time since last: 1001252700 ns, Reaching safepoint: 179900 ns, At safepoint: 6600 ns, Total: 186500 ns
[2020-12-16T14:30:45.685+0000][1][safepoint   ] Safepoint "Cleanup", Time since last: 3001818300 ns, Reaching safepoint: 256800 ns, At safepoint: 21100 ns, Total: 277900 ns
[2020-12-16T14:30:46.687+0000][1][safepoint   ] Safepoint "Cleanup", Time since last: 1001257700 ns, Reaching safepoint: 279100 ns, At safepoint: 8000 ns, Total: 287100 ns
[2020-12-16T14:30:50.689+0000][1][safepoint   ] Safepoint "Cleanup", Time since last: 4001650900 ns, Reaching safepoint: 187200 ns, At safepoint: 7000 ns, Total: 194200 ns
[2020-12-16T14:30:52.692+0000][1][safepoint   ] Safepoint "Cleanup", Time since last: 2002914600 ns, Reaching safepoint: 188100 ns, At safepoint: 2600 ns, Total: 190700 ns
[2020-12-16T14:30:55.695+0000][1][safepoint   ] Safepoint "Cleanup", Time since last: 3002593800 ns, Reaching safepoint: 199900 ns, At safepoint: 2600 ns, Total: 202500 ns
[2020-12-16T14:30:58.320+0000][1][gc,heap,exit] Heap
[2020-12-16T14:30:58.330+0000][1][gc,heap,exit]  garbage-first heap   total 524288K, used 160568K [0x00000000e0000000, 0x0000000100000000)
[2020-12-16T14:30:58.334+0000][1][gc,heap,exit]   region size 1024K, 148 young (151552K), 16 survivors (16384K)
[2020-12-16T14:30:58.339+0000][1][gc,heap,exit]  Metaspace       used 65640K, capacity 66538K, committed 67496K, reserved 1107968K
[2020-12-16T14:30:58.342+0000][1][gc,heap,exit]   class space    used 8699K, capacity 9042K, committed 9168K, reserved 1048576K
